Archive member included to satisfy reference by file (symbol)

../../mesh/core/libmesh_core_nrf52840_xxAA.a(event.c.obj)
                              CMakeFiles/beaconing_nrf52840_xxAA_s140_5.0.0-3.alpha.dir/__/__/mesh/access/src/access.c.obj (event_handle)
../../mesh/core/libmesh_core_nrf52840_xxAA.a(net_state.c.obj)
                              CMakeFiles/beaconing_nrf52840_xxAA_s140_5.0.0-3.alpha.dir/__/__/mesh/access/src/device_state_manager.c.obj (net_state_flash_area_get)
../../mesh/core/libmesh_core_nrf52840_xxAA.a(nrf_mesh_utils.c.obj)
                              CMakeFiles/beaconing_nrf52840_xxAA_s140_5.0.0-3.alpha.dir/__/__/mesh/access/src/device_state_manager.c.obj (nrf_mesh_address_type_get)
../../mesh/core/libmesh_core_nrf52840_xxAA.a(nrf_mesh.c.obj)
                              CMakeFiles/beaconing_nrf52840_xxAA_s140_5.0.0-3.alpha.dir/__/nrf_mesh_sdk.c.obj (nrf_mesh_init)
../../mesh/core/libmesh_core_nrf52840_xxAA.a(hal.c.obj)
                              ../../mesh/core/libmesh_core_nrf52840_xxAA.a(nrf_mesh.c.obj) (hal_lfclk_ppm_get)
../../mesh/core/libmesh_core_nrf52840_xxAA.a(timer_scheduler.c.obj)
                              ../../mesh/core/libmesh_core_nrf52840_xxAA.a(nrf_mesh.c.obj) (timer_sch_init)
../../mesh/core/libmesh_core_nrf52840_xxAA.a(timer.c.obj)
                              ../../mesh/core/libmesh_core_nrf52840_xxAA.a(timer_scheduler.c.obj) (timer_order_cb)
../../mesh/core/libmesh_core_nrf52840_xxAA.a(ticker.c.obj)
                              ../../mesh/core/libmesh_core_nrf52840_xxAA.a(nrf_mesh.c.obj) (ticker_init)
../../mesh/core/libmesh_core_nrf52840_xxAA.a(rand.c.obj)
                              ../../mesh/core/libmesh_core_nrf52840_xxAA.a(nrf_mesh_utils.c.obj) (rand_hw_rng_get)
../../mesh/core/libmesh_core_nrf52840_xxAA.a(timeslot.c.obj)
                              ../../mesh/core/libmesh_core_nrf52840_xxAA.a(nrf_mesh.c.obj) (timeslot_sd_event_handler)
../../mesh/core/libmesh_core_nrf52840_xxAA.a(bearer_event.c.obj)
                              ../../mesh/core/libmesh_core_nrf52840_xxAA.a(nrf_mesh.c.obj) (bearer_event_init)
../../mesh/core/libmesh_core_nrf52840_xxAA.a(network.c.obj)
                              ../../mesh/core/libmesh_core_nrf52840_xxAA.a(nrf_mesh.c.obj) (network_init)
../../mesh/core/libmesh_core_nrf52840_xxAA.a(nrf_mesh_keygen.c.obj)
                              CMakeFiles/beaconing_nrf52840_xxAA_s140_5.0.0-3.alpha.dir/__/__/mesh/access/src/device_state_manager.c.obj (nrf_mesh_keygen_aid)
../../mesh/core/libmesh_core_nrf52840_xxAA.a(log.c.obj)
                              CMakeFiles/beaconing_nrf52840_xxAA_s140_5.0.0-3.alpha.dir/src/main.c.obj (log_callback_rtt)
../../mesh/core/libmesh_core_nrf52840_xxAA.a(flash_manager.c.obj)
                              ../../mesh/core/libmesh_core_nrf52840_xxAA.a(nrf_mesh.c.obj) (flash_manager_init)
../../mesh/core/libmesh_core_nrf52840_xxAA.a(beacon.c.obj)
                              ../../mesh/core/libmesh_core_nrf52840_xxAA.a(nrf_mesh.c.obj) (beacon_init)
../../mesh/core/libmesh_core_nrf52840_xxAA.a(flash_manager_internal.c.obj)
                              ../../mesh/core/libmesh_core_nrf52840_xxAA.a(flash_manager.c.obj) (entry_get)
../../mesh/core/libmesh_core_nrf52840_xxAA.a(core_tx.c.obj)
                              ../../mesh/core/libmesh_core_nrf52840_xxAA.a(nrf_mesh.c.obj) (core_tx_init)
../../mesh/core/libmesh_core_nrf52840_xxAA.a(net_beacon.c.obj)
                              ../../mesh/core/libmesh_core_nrf52840_xxAA.a(network.c.obj) (net_beacon_init)
../../mesh/core/libmesh_core_nrf52840_xxAA.a(advertiser.c.obj)
                              ../../mesh/core/libmesh_core_nrf52840_xxAA.a(nrf_mesh.c.obj) (advertiser_init)
../../mesh/core/libmesh_core_nrf52840_xxAA.a(bearer_handler.c.obj)
                              ../../mesh/core/libmesh_core_nrf52840_xxAA.a(nrf_mesh.c.obj) (bearer_handler_init)
../../mesh/core/libmesh_core_nrf52840_xxAA.a(broadcast.c.obj)
                              ../../mesh/core/libmesh_core_nrf52840_xxAA.a(advertiser.c.obj) (broadcast_send)
../../mesh/core/libmesh_core_nrf52840_xxAA.a(radio_config.c.obj)
                              ../../mesh/core/libmesh_core_nrf52840_xxAA.a(broadcast.c.obj) (radio_config_reset)
../../mesh/core/libmesh_core_nrf52840_xxAA.a(scanner.c.obj)
                              ../../mesh/core/libmesh_core_nrf52840_xxAA.a(bearer_handler.c.obj) (scanner_radio_start)
../../mesh/core/libmesh_core_nrf52840_xxAA.a(internal_event.c.obj)
                              ../../mesh/core/libmesh_core_nrf52840_xxAA.a(network.c.obj) (internal_event_push)
../../mesh/core/libmesh_core_nrf52840_xxAA.a(nrf_mesh_configure.c.obj)
                              ../../mesh/core/libmesh_core_nrf52840_xxAA.a(nrf_mesh.c.obj) (nrf_mesh_configure_device_uuid_reset)
../../mesh/core/libmesh_core_nrf52840_xxAA.a(msg_cache.c.obj)
                              ../../mesh/core/libmesh_core_nrf52840_xxAA.a(nrf_mesh.c.obj) (msg_cache_init)
[...]
Memory Configuration

Name             Origin             Length             Attributes
FLASH            0x0000000000024000 0x00000000000dc000 xr
RAM              0x00000000200031b8 0x000000000003be4a xrw
*default*        0x0000000000000000 0xffffffffffffffff

Linker script and memory map

LOAD /Users/corentin/opt/gcc-arm-none-eabi-6-2017-q2-update/bin/../lib/gcc/arm-none-eabi/6.3.1/thumb/v7e-m/fpv4-sp/hard/crti.o
LOAD /Users/corentin/opt/gcc-arm-none-eabi-6-2017-q2-update/bin/../lib/gcc/arm-none-eabi/6.3.1/thumb/v7e-m/fpv4-sp/hard/crtbegin.o
LOAD /Users/corentin/opt/gcc-arm-none-eabi-6-2017-q2-update/bin/../lib/gcc/arm-none-eabi/6.3.1/../../../../arm-none-eabi/lib/thumb/v7e-m/fpv4-sp/hard/crt0.o
LOAD CMakeFiles/beaconing_nrf52840_xxAA_s140_5.0.0-3.alpha.dir/src/main.c.obj
LOAD CMakeFiles/beaconing_nrf52840_xxAA_s140_5.0.0-3.alpha.dir/__/nrf_mesh_sdk.c.obj
LOAD CMakeFiles/beaconing_nrf52840_xxAA_s140_5.0.0-3.alpha.dir/__/__/mesh/access/src/access_publish.c.obj
LOAD CMakeFiles/beaconing_nrf52840_xxAA_s140_5.0.0-3.alpha.dir/__/__/mesh/access/src/access.c.obj
LOAD CMakeFiles/beaconing_nrf52840_xxAA_s140_5.0.0-3.alpha.dir/__/__/mesh/access/src/access_reliable.c.obj
LOAD CMakeFiles/beaconing_nrf52840_xxAA_s140_5.0.0-3.alpha.dir/__/__/mesh/access/src/device_state_manager.c.obj
LOAD CMakeFiles/beaconing_nrf52840_xxAA_s140_5.0.0-3.alpha.dir/__/nrf_mesh_weak.c.obj
LOAD CMakeFiles/beaconing_nrf52840_xxAA_s140_5.0.0-3.alpha.dir/__/__/external/nRF5_SDK_14.0.0_3bcc1f7/components/toolchain/system_nrf52840.c.obj
LOAD CMakeFiles/beaconing_nrf52840_xxAA_s140_5.0.0-3.alpha.dir/__/__/external/nRF5_SDK_14.0.0_3bcc1f7/components/toolchain/gcc/gcc_startup_nrf52840.S.obj
LOAD ../../mesh/core/libmesh_core_nrf52840_xxAA.a
LOAD ../../external/rtt/librtt_nrf52840_xxAA.a
START GROUP
LOAD /Users/corentin/opt/gcc-arm-none-eabi-6-2017-q2-update/bin/../lib/gcc/arm-none-eabi/6.3.1/thumb/v7e-m/fpv4-sp/hard/libgcc.a
LOAD /Users/corentin/opt/gcc-arm-none-eabi-6-2017-q2-update/bin/../lib/gcc/arm-none-eabi/6.3.1/../../../../arm-none-eabi/lib/thumb/v7e-m/fpv4-sp/hard/libg_nano.a
LOAD /Users/corentin/opt/gcc-arm-none-eabi-6-2017-q2-update/bin/../lib/gcc/arm-none-eabi/6.3.1/../../../../arm-none-eabi/lib/thumb/v7e-m/fpv4-sp/hard/libc_nano.a
END GROUP
START GROUP
LOAD /Users/corentin/opt/gcc-arm-none-eabi-6-2017-q2-update/bin/../lib/gcc/arm-none-eabi/6.3.1/thumb/v7e-m/fpv4-sp/hard/libgcc.a
LOAD /Users/corentin/opt/gcc-arm-none-eabi-6-2017-q2-update/bin/../lib/gcc/arm-none-eabi/6.3.1/../../../../arm-none-eabi/lib/thumb/v7e-m/fpv4-sp/hard/libc_nano.a
END GROUP
LOAD /Users/corentin/opt/gcc-arm-none-eabi-6-2017-q2-update/bin/../lib/gcc/arm-none-eabi/6.3.1/thumb/v7e-m/fpv4-sp/hard/crtend.o
LOAD /Users/corentin/opt/gcc-arm-none-eabi-6-2017-q2-update/bin/../lib/gcc/arm-none-eabi/6.3.1/thumb/v7e-m/fpv4-sp/hard/crtn.o
START GROUP
LOAD /Users/corentin/opt/gcc-arm-none-eabi-6-2017-q2-update/bin/../lib/gcc/arm-none-eabi/6.3.1/thumb/v7e-m/fpv4-sp/hard/libgcc.a
LOAD /Users/corentin/opt/gcc-arm-none-eabi-6-2017-q2-update/bin/../lib/gcc/arm-none-eabi/6.3.1/../../../../arm-none-eabi/lib/thumb/v7e-m/fpv4-sp/hard/libc.a
LOAD /Users/corentin/opt/gcc-arm-none-eabi-6-2017-q2-update/bin/../lib/gcc/arm-none-eabi/6.3.1/../../../../arm-none-eabi/lib/thumb/v7e-m/fpv4-sp/hard/libnosys.a
END GROUP

.text           0x0000000000024000     0xb190
 *(.isr_vector)
 .isr_vector    0x0000000000024000      0x200 CMakeFiles/beaconing_nrf52840_xxAA_s140_5.0.0-3.alpha.dir/__/__/external/nRF5_SDK_14.0.0_3bcc1f7/components/toolchain/gcc/gcc_startup_nrf52840.S.obj
                0x0000000000024000                __isr_vector
 *(.text*)
 .text          0x0000000000024200       0x6c /Users/corentin/opt/gcc-arm-none-eabi-6-2017-q2-update/bin/../lib/gcc/arm-none-eabi/6.3.1/thumb/v7e-m/fpv4-sp/hard/crtbegin.o
 .text          0x000000000002426c       0x74 /Users/corentin/opt/gcc-arm-none-eabi-6-2017-q2-update/bin/../lib/gcc/arm-none-eabi/6.3.1/../../../../arm-none-eabi/lib/thumb/v7e-m/fpv4-sp/hard/crt0.o
                0x000000000002426c                _mainCRTStartup
                0x000000000002426c                _start
 .text.rx_callback
                0x00000000000242e0      0x130 CMakeFiles/beaconing_nrf52840_xxAA_s140_5.0.0-3.alpha.dir/src/main.c.obj
 .text.init_advertiser
                0x0000000000024410       0x18 CMakeFiles/beaconing_nrf52840_xxAA_s140_5.0.0-3.alpha.dir/src/main.c.obj
 .text.start_advertiser
                0x0000000000024428       0x30 CMakeFiles/beaconing_nrf52840_xxAA_s140_5.0.0-3.alpha.dir/src/main.c.obj
 .text.main     0x0000000000024458      0x13c CMakeFiles/beaconing_nrf52840_xxAA_s140_5.0.0-3.alpha.dir/src/main.c.obj
                0x0000000000024458                main
 .text.sd_evt_get
                0x0000000000024594        0x4 CMakeFiles/beaconing_nrf52840_xxAA_s140_5.0.0-3.alpha.dir/__/nrf_mesh_sdk.c.obj
 .text.sd_softdevice_enable
                0x0000000000024598        0x4 CMakeFiles/beaconing_nrf52840_xxAA_s140_5.0.0-3.alpha.dir/__/nrf_mesh_sdk.c.obj
 .text.sd_ble_enable
                0x000000000002459c        0x4 CMakeFiles/beaconing_nrf52840_xxAA_s140_5.0.0-3.alpha.dir/__/nrf_mesh_sdk.c.obj
 .text.sd_ble_evt_get
                0x00000000000245a0        0x4 CMakeFiles/beaconing_nrf52840_xxAA_s140_5.0.0-3.alpha.dir/__/nrf_mesh_sdk.c.obj
 .text.sleep_forever
                0x00000000000245a4       0x1c CMakeFiles/beaconing_nrf52840_xxAA_s140_5.0.0-3.alpha.dir/__/nrf_mesh_sdk.c.obj
 .text.mesh_assert_handler
                0x00000000000245c0       0x70 CMakeFiles/beaconing_nrf52840_xxAA_s140_5.0.0-3.alpha.dir/__/nrf_mesh_sdk.c.obj
                0x00000000000245c0                mesh_assert_handler
 .text.softdevice_assert_handler
                0x0000000000024630       0x80 CMakeFiles/beaconing_nrf52840_xxAA_s140_5.0.0-3.alpha.dir/__/nrf_mesh_sdk.c.obj
                0x0000000000024630                softdevice_assert_handler
 .text.app_error_handler
                0x00000000000246b0       0x80 CMakeFiles/beaconing_nrf52840_xxAA_s140_5.0.0-3.alpha.dir/__/nrf_mesh_sdk.c.obj
                0x00000000000246b0                app_error_handler
 .text.HardFault_Handler
                0x0000000000024730       0x6c CMakeFiles/beaconing_nrf52840_xxAA_s140_5.0.0-3.alpha.dir/__/nrf_mesh_sdk.c.obj
                0x0000000000024730                HardFault_Handler
 .text.SWI2_EGU2_IRQHandler
                0x000000000002479c       0x44 CMakeFiles/beaconing_nrf52840_xxAA_s140_5.0.0-3.alpha.dir/__/nrf_mesh_sdk.c.obj
                0x000000000002479c                SWI2_EGU2_IRQHandler
 .text.mesh_softdevice_enable
                0x00000000000247e0      0x148 CMakeFiles/beaconing_nrf52840_xxAA_s140_5.0.0-3.alpha.dir/__/nrf_mesh_sdk.c.obj
                0x00000000000247e0                mesh_softdevice_enable
 .text.mesh_softdevice_setup
                0x0000000000024928       0x9c CMakeFiles/beaconing_nrf52840_xxAA_s140_5.0.0-3.alpha.dir/__/nrf_mesh_sdk.c.obj
                0x0000000000024928                mesh_softdevice_setup
 .text.mesh_core_setup
                0x00000000000249c4      0x168 CMakeFiles/beaconing_nrf52840_xxAA_s140_5.0.0-3.alpha.dir/__/nrf_mesh_sdk.c.obj
                0x00000000000249c4                mesh_core_setup
 .text.rx_unicast_address_get
                0x0000000000024b2c       0x44 CMakeFiles/beaconing_nrf52840_xxAA_s140_5.0.0-3.alpha.dir/__/__/mesh/access/src/device_state_manager.c.obj
 .text.address_nonvirtual_subscription_exists
                0x0000000000024b70       0x64 CMakeFiles/beaconing_nrf52840_xxAA_s140_5.0.0-3.alpha.dir/__/__/mesh/access/src/device_state_manager.c.obj
 .text.rx_group_address_get
                0x0000000000024bd4       0x24 CMakeFiles/beaconing_nrf52840_xxAA_s140_5.0.0-3.alpha.dir/__/__/mesh/access/src/device_state_manager.c.obj
 .text.virtual_address_index_get
                0x0000000000024bf8       0x60 CMakeFiles/beaconing_nrf52840_xxAA_s140_5.0.0-3.alpha.dir/__/__/mesh/access/src/device_state_manager.c.obj
 .text.get_subnet_handle
                0x0000000000024c58       0x50 CMakeFiles/beaconing_nrf52840_xxAA_s140_5.0.0-3.alpha.dir/__/__/mesh/access/src/device_state_manager.c.obj
 .text.get_subnet_handle_by_beacon_info
                0x0000000000024ca8       0x50 CMakeFiles/beaconing_nrf52840_xxAA_s140_5.0.0-3.alpha.dir/__/__/mesh/access/src/device_state_manager.c.obj
 .text.get_app_handle
                0x0000000000024cf8       0x68 CMakeFiles/beaconing_nrf52840_xxAA_s140_5.0.0-3.alpha.dir/__/__/mesh/access/src/device_state_manager.c.obj
 .text.get_devkey_secmat
                0x0000000000024d60       0x38 CMakeFiles/beaconing_nrf52840_xxAA_s140_5.0.0-3.alpha.dir/__/__/mesh/access/src/device_state_manager.c.obj
 .text.get_app_secmat
                0x0000000000024d98       0x6c CMakeFiles/beaconing_nrf52840_xxAA_s140_5.0.0-3.alpha.dir/__/__/mesh/access/src/device_state_manager.c.obj
 .text.virtual_address_uuid_index_get
                0x0000000000024e04       0x60 CMakeFiles/beaconing_nrf52840_xxAA_s140_5.0.0-3.alpha.dir/__/__/mesh/access/src/device_state_manager.c.obj
 .text.rx_virtual_address_get
                0x0000000000024e64       0x68 CMakeFiles/beaconing_nrf52840_xxAA_s140_5.0.0-3.alpha.dir/__/__/mesh/access/src/device_state_manager.c.obj
 .text.nrf_mesh_net_secmat_next_get
                0x0000000000024ecc       0x78 CMakeFiles/beaconing_nrf52840_xxAA_s140_5.0.0-3.alpha.dir/__/__/mesh/access/src/device_state_manager.c.obj
                0x0000000000024ecc                nrf_mesh_net_secmat_next_get
 .text.nrf_mesh_app_secmat_next_get
                0x0000000000024f44       0x50 CMakeFiles/beaconing_nrf52840_xxAA_s140_5.0.0-3.alpha.dir/__/__/mesh/access/src/device_state_manager.c.obj
                0x0000000000024f44                nrf_mesh_app_secmat_next_get
 .text.nrf_mesh_devkey_secmat_get
                0x0000000000024f94       0x28 CMakeFiles/beaconing_nrf52840_xxAA_s140_5.0.0-3.alpha.dir/__/__/mesh/access/src/device_state_manager.c.obj
                0x0000000000024f94                nrf_mesh_devkey_secmat_get
 .text.nrf_mesh_beacon_info_next_get
                0x0000000000024fbc       0xac CMakeFiles/beaconing_nrf52840_xxAA_s140_5.0.0-3.alpha.dir/__/__/mesh/access/src/device_state_manager.c.obj
                0x0000000000024fbc                nrf_mesh_beacon_info_next_get
 .text.nrf_mesh_rx_address_get
                0x0000000000025068       0x38 CMakeFiles/beaconing_nrf52840_xxAA_s140_5.0.0-3.alpha.dir/__/__/mesh/access/src/device_state_manager.c.obj
                0x0000000000025068                nrf_mesh_rx_address_get
 .text._weak_handler
                0x00000000000250a0        0x4 CMakeFiles/beaconing_nrf52840_xxAA_s140_5.0.0-3.alpha.dir/__/nrf_mesh_weak.c.obj
                0x00000000000250a0                prov_provisioner_oob_use
                0x00000000000250a0                prov_beacon_unprov_packet_in
                0x00000000000250a0                nrf_mesh_dfu_jump_to_bootloader
                0x00000000000250a0                prov_utils_opt_get
                0x00000000000250a0                nrf_mesh_dfu_rx
                0x00000000000250a0                prov_utils_opt_set
                0x00000000000250a0                prov_provisioner_provision
                0x00000000000250a0                nrf_mesh_dfu_bank_info_get
                0x00000000000250a0                prov_provisioner_oob_pubkey
                0x00000000000250a0                nrf_mesh_dfu_request
                0x00000000000250a0                nrf_mesh_dfu_bank_flash
                0x00000000000250a0                _weak_handler
                0x00000000000250a0                prov_provisionee_auth_data
                0x00000000000250a0                nrf_mesh_dfu_relay
                0x00000000000250a0                prov_provisionee_shared_secret
                0x00000000000250a0                nrf_mesh_dfu_abort
                0x00000000000250a0                mesh_flash_op_execute
                0x00000000000250a0                prov_provisionee_init
                0x00000000000250a0                nrf_mesh_dfu_state_get
                0x00000000000250a0                prov_provisioner_shared_secret
                0x00000000000250a0                prov_provisioner_auth_data
                0x00000000000250a0                prov_bearer_adv_packet_in
                0x00000000000250a0                nrf_mesh_dfu_init
 .text.errata_36
                0x00000000000250a4       0x24 CMakeFiles/beaconing_nrf52840_xxAA_s140_5.0.0-3.alpha.dir/__/__/external/nRF5_SDK_14.0.0_3bcc1f7/components/toolchain/system_nrf52840.c.obj
 .text.errata_66
                0x00000000000250c8       0x24 CMakeFiles/beaconing_nrf52840_xxAA_s140_5.0.0-3.alpha.dir/__/__/external/nRF5_SDK_14.0.0_3bcc1f7/components/toolchain/system_nrf52840.c.obj
 .text.errata_98
                0x00000000000250ec       0x24 CMakeFiles/beaconing_nrf52840_xxAA_s140_5.0.0-3.alpha.dir/__/__/external/nRF5_SDK_14.0.0_3bcc1f7/components/toolchain/system_nrf52840.c.obj
 .text.errata_103
                0x0000000000025110       0x24 CMakeFiles/beaconing_nrf52840_xxAA_s140_5.0.0-3.alpha.dir/__/__/external/nRF5_SDK_14.0.0_3bcc1f7/components/toolchain/system_nrf52840.c.obj
 .text.errata_115
                0x0000000000025134       0x24 CMakeFiles/beaconing_nrf52840_xxAA_s140_5.0.0-3.alpha.dir/__/__/external/nRF5_SDK_14.0.0_3bcc1f7/components/toolchain/system_nrf52840.c.obj
 .text.errata_120
                0x0000000000025158       0x24 CMakeFiles/beaconing_nrf52840_xxAA_s140_5.0.0-3.alpha.dir/__/__/external/nRF5_SDK_14.0.0_3bcc1f7/components/toolchain/system_nrf52840.c.obj
 .text.errata_136
                0x000000000002517c       0x24 CMakeFiles/beaconing_nrf52840_xxAA_s140_5.0.0-3.alpha.dir/__/__/external/nRF5_SDK_14.0.0_3bcc1f7/components/toolchain/system_nrf52840.c.obj
 .text.SystemCoreClockUpdate
                0x00000000000251a0       0x10 CMakeFiles/beaconing_nrf52840_xxAA_s140_5.0.0-3.alpha.dir/__/__/external/nRF5_SDK_14.0.0_3bcc1f7/components/toolchain/system_nrf52840.c.obj
                0x00000000000251a0                SystemCoreClockUpdate
 .text.SystemInit
                0x00000000000251b0      0x1d4 CMakeFiles/beaconing_nrf52840_xxAA_s140_5.0.0-3.alpha.dir/__/__/external/nRF5_SDK_14.0.0_3bcc1f7/components/toolchain/system_nrf52840.c.obj
                0x00000000000251b0                SystemInit
 .text          0x0000000000025384       0x3c CMakeFiles/beaconing_nrf52840_xxAA_s140_5.0.0-3.alpha.dir/__/__/external/nRF5_SDK_14.0.0_3bcc1f7/components/toolchain/gcc/gcc_startup_nrf52840.S.obj
                0x0000000000025384                Reset_Handler
                0x00000000000253ac                NMI_Handler
                0x00000000000253b0                MemoryManagement_Handler
                0x00000000000253b2                BusFault_Handler
                0x00000000000253b4                UsageFault_Handler
                0x00000000000253b6                SVC_Handler
                0x00000000000253b8                DebugMon_Handler
                0x00000000000253ba                PendSV_Handler
                0x00000000000253bc                SysTick_Handler
                0x00000000000253be                TIMER3_IRQHandler
                0x00000000000253be                PWM3_IRQHandler
                0x00000000000253be                FPU_IRQHandler
                0x00000000000253be                USBD_IRQHandler
                0x00000000000253be                SPIM0_SPIS0_TWIM0_TWIS0_SPI0_TWI0_IRQHandler
                0x00000000000253be                UARTE0_UART0_IRQHandler
                0x00000000000253be                TIMER4_IRQHandler
                0x00000000000253be                CRYPTOCELL_IRQHandler
                0x00000000000253be                I2S_IRQHandler
                0x00000000000253be                SWI4_EGU4_IRQHandler
                0x00000000000253be                TIMER0_IRQHandler
                0x00000000000253be                UARTE1_IRQHandler
                0x00000000000253be                TIMER1_IRQHandler
                0x00000000000253be                SPIM3_IRQHandler
                0x00000000000253be                PWM2_IRQHandler
                0x00000000000253be                ECB_IRQHandler
                0x00000000000253be                SPIM1_SPIS1_TWIM1_TWIS1_SPI1_TWI1_IRQHandler
                0x00000000000253be                Default_Handler
                0x00000000000253be                SAADC_IRQHandler
                0x00000000000253be                CCM_AAR_IRQHandler
                0x00000000000253be                WDT_IRQHandler
                0x00000000000253be                SWI5_EGU5_IRQHandler
                0x00000000000253be                RNG_IRQHandler
                0x00000000000253be                RTC2_IRQHandler
                0x00000000000253be                PWM0_IRQHandler
                0x00000000000253be                SWI3_EGU3_IRQHandler
                0x00000000000253be                RTC1_IRQHandler
                0x00000000000253be                SWI1_EGU1_IRQHandler
                0x00000000000253be                SPIM2_SPIS2_SPI2_IRQHandler
                0x00000000000253be                NFCT_IRQHandler
                0x00000000000253be                MWU_IRQHandler
                0x00000000000253be                QSPI_IRQHandler
                0x00000000000253be                TIMER2_IRQHandler
                0x00000000000253be                COMP_LPCOMP_IRQHandler
                0x00000000000253be                RTC0_IRQHandler
                0x00000000000253be                SWI0_EGU0_IRQHandler
                0x00000000000253be                GPIOTE_IRQHandler
                0x00000000000253be                PWM1_IRQHandler
                0x00000000000253be                POWER_CLOCK_IRQHandler
                0x00000000000253be                RADIO_IRQHandler
                0x00000000000253be                PDM_IRQHandler
                0x00000000000253be                TEMP_IRQHandler
 .text.event_handle
                0x00000000000253c0       0x38 ../../mesh/core/libmesh_core_nrf52840_xxAA.a(event.c.obj)
                0x00000000000253c0                event_handle
 .text.flash_mem_available
                0x00000000000253f8       0x20 ../../mesh/core/libmesh_core_nrf52840_xxAA.a(net_state.c.obj)
 .text.flash_store_iv_index
                0x0000000000025418       0x34 ../../mesh/core/libmesh_core_nrf52840_xxAA.a(net_state.c.obj)
 .text.seqnum_block_allocate
                0x000000000002544c       0x4c ../../mesh/core/libmesh_core_nrf52840_xxAA.a(net_state.c.obj)
 .text.iv_index_notify
                0x0000000000025498       0x1c ../../mesh/core/libmesh_core_nrf52840_xxAA.a(net_state.c.obj)
 .text.flash_write_complete
                0x00000000000254b4       0x78 ../../mesh/core/libmesh_core_nrf52840_xxAA.a(net_state.c.obj)
 .text.net_state_recover_from_flash
                0x000000000002552c       0x8c ../../mesh/core/libmesh_core_nrf52840_xxAA.a(net_state.c.obj)
                0x000000000002552c                net_state_recover_from_flash
 .text.net_state_flash_area_get
                0x00000000000255b8        0xc ../../mesh/core/libmesh_core_nrf52840_xxAA.a(net_state.c.obj)
                0x00000000000255b8                net_state_flash_area_get
 .text.init_flash_storage
                0x00000000000255c4       0x44 ../../mesh/core/libmesh_core_nrf52840_xxAA.a(net_state.c.obj)
 .text.net_state_init
                0x0000000000025608       0x48 ../../mesh/core/libmesh_core_nrf52840_xxAA.a(net_state.c.obj)
                0x0000000000025608                net_state_init
 .text.net_state_iv_update_start
                0x0000000000025650       0x6c ../../mesh/core/libmesh_core_nrf52840_xxAA.a(net_state.c.obj)
                0x0000000000025650                net_state_iv_update_start
 .text.iv_update_trigger_if_pending
                0x00000000000256bc       0xa4 ../../mesh/core/libmesh_core_nrf52840_xxAA.a(net_state.c.obj)
 .text.iv_update_timer_handler
                0x0000000000025760       0xa8 ../../mesh/core/libmesh_core_nrf52840_xxAA.a(net_state.c.obj)
 .text.net_state_seqnum_alloc
                0x0000000000025808       0x70 ../../mesh/core/libmesh_core_nrf52840_xxAA.a(net_state.c.obj)
                0x0000000000025808                net_state_seqnum_alloc
 .text.net_state_iv_index_lock
                0x0000000000025878       0x4c ../../mesh/core/libmesh_core_nrf52840_xxAA.a(net_state.c.obj)
                0x0000000000025878                net_state_iv_index_lock
 .text.net_state_beacon_received
                0x00000000000258c4       0xa4 ../../mesh/core/libmesh_core_nrf52840_xxAA.a(net_state.c.obj)
                0x00000000000258c4                net_state_beacon_received
 .text.net_state_beacon_iv_index_get
                0x0000000000025968        0xc ../../mesh/core/libmesh_core_nrf52840_xxAA.a(net_state.c.obj)
                0x0000000000025968                net_state_beacon_iv_index_get
 .text.net_state_tx_iv_index_get
                0x0000000000025974       0x1c ../../mesh/core/libmesh_core_nrf52840_xxAA.a(net_state.c.obj)
                0x0000000000025974                net_state_tx_iv_index_get
 .text.net_state_rx_iv_index_get
                0x0000000000025990       0x18 ../../mesh/core/libmesh_core_nrf52840_xxAA.a(net_state.c.obj)
                0x0000000000025990                net_state_rx_iv_index_get
 .text.net_state_iv_update_get
                0x00000000000259a8        0xc ../../mesh/core/libmesh_core_nrf52840_xxAA.a(net_state.c.obj)
                0x00000000000259a8                net_state_iv_update_get
 .text.nrf_mesh_address_type_get
                0x00000000000259b4       0x14 ../../mesh/core/libmesh_core_nrf52840_xxAA.a(nrf_mesh_utils.c.obj)
                0x00000000000259b4                nrf_mesh_address_type_get
 .text.sd_softdevice_is_enabled
                0x00000000000259c8        0x4 ../../mesh/core/libmesh_core_nrf52840_xxAA.a(nrf_mesh.c.obj)
 .text.nrf_mesh_init
                0x00000000000259cc       0xb4 ../../mesh/core/libmesh_core_nrf52840_xxAA.a(nrf_mesh.c.obj)
                0x00000000000259cc                nrf_mesh_init
 .text.nrf_mesh_enable
                0x0000000000025a80       0x50 ../../mesh/core/libmesh_core_nrf52840_xxAA.a(nrf_mesh.c.obj)
                0x0000000000025a80                nrf_mesh_enable
 .text.nrf_mesh_process
                0x0000000000025ad0      0x220 ../../mesh/core/libmesh_core_nrf52840_xxAA.a(nrf_mesh.c.obj)
                0x0000000000025ad0                nrf_mesh_process
 .text.nrf_mesh_on_ble_evt
                0x0000000000025cf0        0x4 ../../mesh/core/libmesh_core_nrf52840_xxAA.a(nrf_mesh.c.obj)
                0x0000000000025cf0                nrf_mesh_on_ble_evt
 .text.nrf_mesh_on_sd_evt
                0x0000000000025cf4        0xa ../../mesh/core/libmesh_core_nrf52840_xxAA.a(nrf_mesh.c.obj)
                0x0000000000025cf4                nrf_mesh_on_sd_evt
 *fill*         0x0000000000025cfe        0x2 
 .text.nrf_mesh_rx_cb_set
                0x0000000000025d00        0xc ../../mesh/core/libmesh_core_nrf52840_xxAA.a(nrf_mesh.c.obj)
                0x0000000000025d00                nrf_mesh_rx_cb_set
 .text.hal_lfclk_ppm_get
                0x0000000000025d0c       0x36 ../../mesh/core/libmesh_core_nrf52840_xxAA.a(hal.c.obj)
                0x0000000000025d0c                hal_lfclk_ppm_get
 *fill*         0x0000000000025d42        0x2 
 .text.add_evt  0x0000000000025d44       0x84 ../../mesh/core/libmesh_core_nrf52840_xxAA.a(timer_scheduler.c.obj)
 .text.process_add_list
                0x0000000000025dc8       0x58 ../../mesh/core/libmesh_core_nrf52840_xxAA.a(timer_scheduler.c.obj)
 .text.process_dirty_events
                0x0000000000025e20       0x9c ../../mesh/core/libmesh_core_nrf52840_xxAA.a(timer_scheduler.c.obj)
 .text.fire_timers
                0x0000000000025ebc       0xc0 ../../mesh/core/libmesh_core_nrf52840_xxAA.a(timer_scheduler.c.obj)
 .text.setup_timeout
                0x0000000000025f7c       0x68 ../../mesh/core/libmesh_core_nrf52840_xxAA.a(timer_scheduler.c.obj)
 .text.flag_event_cb
                0x0000000000025fe4       0x1c ../../mesh/core/libmesh_core_nrf52840_xxAA.a(timer_scheduler.c.obj)
 .text.timer_cb
                0x0000000000026000       0x10 ../../mesh/core/libmesh_core_nrf52840_xxAA.a(timer_scheduler.c.obj)
 .text.timer_sch_init
                0x0000000000026010       0x24 ../../mesh/core/libmesh_core_nrf52840_xxAA.a(timer_scheduler.c.obj)
                0x0000000000026010                timer_sch_init
 .text.timer_sch_schedule
                0x0000000000026034       0x8c ../../mesh/core/libmesh_core_nrf52840_xxAA.a(timer_scheduler.c.obj)
                0x0000000000026034                timer_sch_schedule
 .text.timer_sch_abort
                0x00000000000260c0       0x6c ../../mesh/core/libmesh_core_nrf52840_xxAA.a(timer_scheduler.c.obj)
                0x00000000000260c0                timer_sch_abort
 .text.timer_sch_reschedule
                0x000000000002612c       0xac ../../mesh/core/libmesh_core_nrf52840_xxAA.a(timer_scheduler.c.obj)
                0x000000000002612c                timer_sch_reschedule
 .text.timer_set
                0x00000000000261d8       0x24 ../../mesh/core/libmesh_core_nrf52840_xxAA.a(timer.c.obj)
 .text.timer_order_cb
                0x00000000000261fc       0x78 ../../mesh/core/libmesh_core_nrf52840_xxAA.a(timer.c.obj)
                0x00000000000261fc                timer_order_cb
 .text.timer_now
                0x0000000000026274       0x4c ../../mesh/core/libmesh_core_nrf52840_xxAA.a(timer.c.obj)
                0x0000000000026274                timer_now
 .text.timer_event_handler
                0x00000000000262c0       0x94 ../../mesh/core/libmesh_core_nrf52840_xxAA.a(timer.c.obj)
                0x00000000000262c0                timer_event_handler
 .text.timer_on_ts_begin
                0x0000000000026354       0xf4 ../../mesh/core/libmesh_core_nrf52840_xxAA.a(timer.c.obj)
                0x0000000000026354                timer_on_ts_begin
 .text.timer_on_ts_end
                0x0000000000026448       0x64 ../../mesh/core/libmesh_core_nrf52840_xxAA.a(timer.c.obj)
                0x0000000000026448                timer_on_ts_end
 .text.timer_cb
                0x00000000000264ac       0x10 ../../mesh/core/libmesh_core_nrf52840_xxAA.a(ticker.c.obj)
 .text.ticker_init
                0x00000000000264bc       0x38 ../../mesh/core/libmesh_core_nrf52840_xxAA.a(ticker.c.obj)
                0x00000000000264bc                ticker_init
 .text.sd_rand_application_bytes_available_get
                0x00000000000264f4        0x4 ../../mesh/core/libmesh_core_nrf52840_xxAA.a(rand.c.obj)
 .text.sd_rand_application_vector_get
                0x00000000000264f8        0x4 ../../mesh/core/libmesh_core_nrf52840_xxAA.a(rand.c.obj)
 .text.rand_prng_get
                0x00000000000264fc       0x28 ../../mesh/core/libmesh_core_nrf52840_xxAA.a(rand.c.obj)
                0x00000000000264fc                rand_prng_get
 .text.rand_hw_rng_get
                0x0000000000026524       0x58 ../../mesh/core/libmesh_core_nrf52840_xxAA.a(rand.c.obj)
                0x0000000000026524                rand_hw_rng_get
 .text.rand_prng_seed
                0x000000000002657c       0x38 ../../mesh/core/libmesh_core_nrf52840_xxAA.a(rand.c.obj)
                0x000000000002657c                rand_prng_seed
 .text.sd_radio_session_open
                0x00000000000265b4        0x4 ../../mesh/core/libmesh_core_nrf52840_xxAA.a(timeslot.c.obj)
 .text.sd_radio_session_close
                0x00000000000265b8        0x4 ../../mesh/core/libmesh_core_nrf52840_xxAA.a(timeslot.c.obj)
 .text.sd_radio_request
                0x00000000000265bc        0x4 ../../mesh/core/libmesh_core_nrf52840_xxAA.a(timeslot.c.obj)
 .text.start_time_update
                0x00000000000265c0       0x78 ../../mesh/core/libmesh_core_nrf52840_xxAA.a(timeslot.c.obj)
 .text.handle_forced_command
                0x0000000000026638       0x44 ../../mesh/core/libmesh_core_nrf52840_xxAA.a(timeslot.c.obj)
 .text.handle_signal_start
                0x000000000002667c       0x3c ../../mesh/core/libmesh_core_nrf52840_xxAA.a(timeslot.c.obj)
 .text.end_timer_handler
                0x00000000000266b8       0x30 ../../mesh/core/libmesh_core_nrf52840_xxAA.a(timeslot.c.obj)
 .text.on_ts_begin
                0x00000000000266e8       0x60 ../../mesh/core/libmesh_core_nrf52840_xxAA.a(timeslot.c.obj)
 .text.handle_extend_end
                0x0000000000026748       0x94 ../../mesh/core/libmesh_core_nrf52840_xxAA.a(timeslot.c.obj)
 .text.on_ts_end
                0x00000000000267dc       0x4c ../../mesh/core/libmesh_core_nrf52840_xxAA.a(timeslot.c.obj)
 .text.radio_signal_callback
                0x0000000000026828       0xa4 ../../mesh/core/libmesh_core_nrf52840_xxAA.a(timeslot.c.obj)
 .text.timeslot_sd_event_handler
                0x00000000000268cc       0x78 ../../mesh/core/libmesh_core_nrf52840_xxAA.a(timeslot.c.obj)
                0x00000000000268cc                timeslot_sd_event_handler
 .text.timeslot_init
                0x0000000000026944       0x4c ../../mesh/core/libmesh_core_nrf52840_xxAA.a(timeslot.c.obj)
                0x0000000000026944                timeslot_init
 .text.timeslot_start
                0x0000000000026990       0x24 ../../mesh/core/libmesh_core_nrf52840_xxAA.a(timeslot.c.obj)
                0x0000000000026990                timeslot_start
 .text.timeslot_end_is_pending
                0x00000000000269b4       0x2c ../../mesh/core/libmesh_core_nrf52840_xxAA.a(timeslot.c.obj)
                0x00000000000269b4                timeslot_end_is_pending
 .text.timeslot_start_time_get
                0x00000000000269e0        0xc ../../mesh/core/libmesh_core_nrf52840_xxAA.a(timeslot.c.obj)
                0x00000000000269e0                timeslot_start_time_get
 .text.timeslot_remaining_time_get
                0x00000000000269ec       0x48 ../../mesh/core/libmesh_core_nrf52840_xxAA.a(timeslot.c.obj)
                0x00000000000269ec                timeslot_remaining_time_get
 .text.timeslot_is_in_cb
                0x0000000000026a34        0xc ../../mesh/core/libmesh_core_nrf52840_xxAA.a(timeslot.c.obj)
                0x0000000000026a34                timeslot_is_in_cb
 .text.timeslot_trigger
                0x0000000000026a40       0x24 ../../mesh/core/libmesh_core_nrf52840_xxAA.a(timeslot.c.obj)
                0x0000000000026a40                timeslot_trigger
 .text.timeslot_stop
                0x0000000000026a64       0x14 ../../mesh/core/libmesh_core_nrf52840_xxAA.a(timeslot.c.obj)
                0x0000000000026a64                timeslot_stop
 .text.timeslot_state_lock
                0x0000000000026a78       0x30 ../../mesh/core/libmesh_core_nrf52840_xxAA.a(timeslot.c.obj)
                0x0000000000026a78                timeslot_state_lock
 .text.call_callback
                0x0000000000026aa8       0x30 ../../mesh/core/libmesh_core_nrf52840_xxAA.a(bearer_event.c.obj)
 .text.trigger_event_handler
                0x0000000000026ad8       0x10 ../../mesh/core/libmesh_core_nrf52840_xxAA.a(bearer_event.c.obj)
 .text.handle_events
                0x0000000000026ae8       0xa8 ../../mesh/core/libmesh_core_nrf52840_xxAA.a(bearer_event.c.obj)
 .text.evt_push
                0x0000000000026b90       0x20 ../../mesh/core/libmesh_core_nrf52840_xxAA.a(bearer_event.c.obj)
 .text.QDEC_IRQHandler
                0x0000000000026bb0        0x8 ../../mesh/core/libmesh_core_nrf52840_xxAA.a(bearer_event.c.obj)
                0x0000000000026bb0                QDEC_IRQHandler
 .text.bearer_event_init
                0x0000000000026bb8       0x38 ../../mesh/core/libmesh_core_nrf52840_xxAA.a(bearer_event.c.obj)
                0x0000000000026bb8                bearer_event_init
 .text.bearer_event_timer_post
                0x0000000000026bf0       0x34 ../../mesh/core/libmesh_core_nrf52840_xxAA.a(bearer_event.c.obj)
                0x0000000000026bf0                bearer_event_timer_post
 .text.bearer_event_critical_section_begin
                0x0000000000026c24       0x40 ../../mesh/core/libmesh_core_nrf52840_xxAA.a(bearer_event.c.obj)
                0x0000000000026c24                bearer_event_critical_section_begin
 .text.bearer_event_critical_section_end
                0x0000000000026c64       0x40 ../../mesh/core/libmesh_core_nrf52840_xxAA.a(bearer_event.c.obj)
                0x0000000000026c64                bearer_event_critical_section_end
 .text.bearer_event_flag_add
                0x0000000000026ca4       0x54 ../../mesh/core/libmesh_core_nrf52840_xxAA.a(bearer_event.c.obj)
                0x0000000000026ca4                bearer_event_flag_add
 .text.bearer_event_flag_set
                0x0000000000026cf8       0x50 ../../mesh/core/libmesh_core_nrf52840_xxAA.a(bearer_event.c.obj)
                0x0000000000026cf8                bearer_event_flag_set
 .text.bearer_event_sequential_add
                0x0000000000026d48       0x48 ../../mesh/core/libmesh_core_nrf52840_xxAA.a(bearer_event.c.obj)
                0x0000000000026d48                bearer_event_sequential_add
 .text.bearer_event_sequential_post
                0x0000000000026d90       0x58 ../../mesh/core/libmesh_core_nrf52840_xxAA.a(bearer_event.c.obj)
                0x0000000000026d90                bearer_event_sequential_post
 .text.bearer_event_sequential_pending
                0x0000000000026de8       0x20 ../../mesh/core/libmesh_core_nrf52840_xxAA.a(bearer_event.c.obj)
                0x0000000000026de8                bearer_event_sequential_pending
 .text.deobfuscated_header_fields_get
                0x0000000000026e08       0x2a ../../mesh/core/libmesh_core_nrf52840_xxAA.a(network.c.obj)
 *fill*         0x0000000000026e32        0x2 
 .text.metadata_is_valid
                0x0000000000026e34       0x40 ../../mesh/core/libmesh_core_nrf52840_xxAA.a(network.c.obj)
 .text.set_net_packet_header
                0x0000000000026e74       0xdc ../../mesh/core/libmesh_core_nrf52840_xxAA.a(network.c.obj)
 .text.allocate_packet
                0x0000000000026f50       0x76 ../../mesh/core/libmesh_core_nrf52840_xxAA.a(network.c.obj)
 .text.header_transfuscate
                0x0000000000026fc6       0x68 ../../mesh/core/libmesh_core_nrf52840_xxAA.a(network.c.obj)
 .text.network_pkt_encrypt
                0x000000000002702e       0x64 ../../mesh/core/libmesh_core_nrf52840_xxAA.a(network.c.obj)
 *fill*         0x0000000000027092        0x2 
 .text.network_pkt_decrypt
                0x0000000000027094      0x27c ../../mesh/core/libmesh_core_nrf52840_xxAA.a(network.c.obj)
 .text.should_relay
                0x0000000000027310       0x4c ../../mesh/core/libmesh_core_nrf52840_xxAA.a(network.c.obj)
 .text.network_init
                0x000000000002735c       0x30 ../../mesh/core/libmesh_core_nrf52840_xxAA.a(network.c.obj)
                0x000000000002735c                network_init
 .text.network_packet_alloc
                0x000000000002738c       0x54 ../../mesh/core/libmesh_core_nrf52840_xxAA.a(network.c.obj)
                0x000000000002738c                network_packet_alloc
 .text.network_packet_send
                0x00000000000273e0      0x104 ../../mesh/core/libmesh_core_nrf52840_xxAA.a(network.c.obj)
                0x00000000000273e0                network_packet_send
 .text.packet_relay
                0x00000000000274e4      0x128 ../../mesh/core/libmesh_core_nrf52840_xxAA.a(network.c.obj)
 .text.network_packet_in
                0x000000000002760c       0x9c ../../mesh/core/libmesh_core_nrf52840_xxAA.a(network.c.obj)
                0x000000000002760c                network_packet_in
 .text.log_callback_rtt
                0x00000000000276a8       0x2c ../../mesh/core/libmesh_core_nrf52840_xxAA.a(log.c.obj)
                0x00000000000276a8                log_callback_rtt
 .text.log_init
                0x00000000000276d4       0x1c ../../mesh/core/libmesh_core_nrf52840_xxAA.a(log.c.obj)
                0x00000000000276d4                log_init
 .text.log_vprintf
                0x00000000000276f0       0x1c ../../mesh/core/libmesh_core_nrf52840_xxAA.a(log.c.obj)
                0x00000000000276f0                log_vprintf
 .text.log_printf
                0x000000000002770c       0x18 ../../mesh/core/libmesh_core_nrf52840_xxAA.a(log.c.obj)
                0x000000000002770c                log_printf
 .text.get_remaining_free_space
                0x0000000000027724       0x22 ../../mesh/core/libmesh_core_nrf52840_xxAA.a(flash_manager.c.obj)
 *fill*         0x0000000000027746        0x2 
 .text.flash_area_is_blank
                0x0000000000027748       0x50 ../../mesh/core/libmesh_core_nrf52840_xxAA.a(flash_manager.c.obj)
 .text.flash_area_is_valid
                0x0000000000027798       0x78 ../../mesh/core/libmesh_core_nrf52840_xxAA.a(flash_manager.c.obj)
 .text.defrag_required
                0x0000000000027810       0x34 ../../mesh/core/libmesh_core_nrf52840_xxAA.a(flash_manager.c.obj)
 .text.execute_action_replace
                0x0000000000027844      0x158 ../../mesh/core/libmesh_core_nrf52840_xxAA.a(flash_manager.c.obj)
 .text.execute_action_invalidate
                0x000000000002799c       0x80 ../../mesh/core/libmesh_core_nrf52840_xxAA.a(flash_manager.c.obj)
 .text.execute_action_build_metadata
                0x0000000000027a1c       0x7c ../../mesh/core/libmesh_core_nrf52840_xxAA.a(flash_manager.c.obj)
 .text.execute_action_erase_area
                0x0000000000027a98       0x40 ../../mesh/core/libmesh_core_nrf52840_xxAA.a(flash_manager.c.obj)
 .text.validate_result
                0x0000000000027ad8       0x4e ../../mesh/core/libmesh_core_nrf52840_xxAA.a(flash_manager.c.obj)
 *fill*         0x0000000000027b26        0x2 
 .text.free_packet_buffer
                0x0000000000027b28       0x4c ../../mesh/core/libmesh_core_nrf52840_xxAA.a(flash_manager.c.obj)
 .text.end_action
                0x0000000000027b74      0x128 ../../mesh/core/libmesh_core_nrf52840_xxAA.a(flash_manager.c.obj)
 .text.reserve_action_buffer
                0x0000000000027c9c       0x28 ../../mesh/core/libmesh_core_nrf52840_xxAA.a(flash_manager.c.obj)
 .text.flash_area_build
                0x0000000000027cc4      0x108 ../../mesh/core/libmesh_core_nrf52840_xxAA.a(flash_manager.c.obj)
 .text.get_last_entry
                0x0000000000027dcc       0x80 ../../mesh/core/libmesh_core_nrf52840_xxAA.a(flash_manager.c.obj)
 .text.recover_seal
                0x0000000000027e4c       0x7c ../../mesh/core/libmesh_core_nrf52840_xxAA.a(flash_manager.c.obj)
 .text.get_invalid_bytes
                0x0000000000027ec8       0x98 ../../mesh/core/libmesh_core_nrf52840_xxAA.a(flash_manager.c.obj)
 .text.execute_action_recover_seal
                0x0000000000027f60      0x138 ../../mesh/core/libmesh_core_nrf52840_xxAA.a(flash_manager.c.obj)
 .text.execute_action
                0x0000000000028098       0xe0 ../../mesh/core/libmesh_core_nrf52840_xxAA.a(flash_manager.c.obj)
 .text.process_action_queue
                0x0000000000028178       0xd4 ../../mesh/core/libmesh_core_nrf52840_xxAA.a(flash_manager.c.obj)
 .text.flash_op_ended_callback
                0x000000000002824c       0x28 ../../mesh/core/libmesh_core_nrf52840_xxAA.a(flash_manager.c.obj)
 .text.flash_manager_init
                0x0000000000028274       0x6c ../../mesh/core/libmesh_core_nrf52840_xxAA.a(flash_manager.c.obj)
                0x0000000000028274                flash_manager_init
 .text.flash_manager_entry_next_get
                0x00000000000282e0      0x16c ../../mesh/core/libmesh_core_nrf52840_xxAA.a(flash_manager.c.obj)
                0x00000000000282e0                flash_manager_entry_next_get
 .text.flash_manager_entry_alloc
                0x000000000002844c       0x88 ../../mesh/core/libmesh_core_nrf52840_xxAA.a(flash_manager.c.obj)
                0x000000000002844c                flash_manager_entry_alloc
 .text.flash_manager_entry_commit
                0x00000000000284d4       0x64 ../../mesh/core/libmesh_core_nrf52840_xxAA.a(flash_manager.c.obj)
                0x00000000000284d4                flash_manager_entry_commit
 .text.flash_manager_entry_invalidate
                0x0000000000028538       0xa8 ../../mesh/core/libmesh_core_nrf52840_xxAA.a(flash_manager.c.obj)
                0x0000000000028538                flash_manager_entry_invalidate
 .text.invalidate_duplicate_of_last_entry
                0x00000000000285e0       0xf0 ../../mesh/core/libmesh_core_nrf52840_xxAA.a(flash_manager.c.obj)
 .text.flash_manager_add
                0x00000000000286d0       0x90 ../../mesh/core/libmesh_core_nrf52840_xxAA.a(flash_manager.c.obj)
                0x00000000000286d0                flash_manager_add
 .text.flash_manager_mem_listener_register
                0x0000000000028760       0x44 ../../mesh/core/libmesh_core_nrf52840_xxAA.a(flash_manager.c.obj)
                0x0000000000028760                flash_manager_mem_listener_register
 .text.flash_manager_is_stable
                0x00000000000287a4       0x20 ../../mesh/core/libmesh_core_nrf52840_xxAA.a(flash_manager.c.obj)
                0x00000000000287a4                flash_manager_is_stable
 .text.flash_manager_on_defrag_end
                0x00000000000287c4       0x70 ../../mesh/core/libmesh_core_nrf52840_xxAA.a(flash_manager.c.obj)
                0x00000000000287c4                flash_manager_on_defrag_end
 .text.flash_manager_recovery_page_get
                0x0000000000028834        0x8 ../../mesh/core/libmesh_core_nrf52840_xxAA.a(flash_manager.c.obj)
                0x0000000000028834                flash_manager_recovery_page_get
 .text.beacon_init
                0x000000000002883c       0x48 ../../mesh/core/libmesh_core_nrf52840_xxAA.a(beacon.c.obj)
                0x000000000002883c                beacon_init
 .text.beacon_create
                0x0000000000028884       0x52 ../../mesh/core/libmesh_core_nrf52840_xxAA.a(beacon.c.obj)
                0x0000000000028884                beacon_create
 *fill*         0x00000000000288d6        0x2 
 .text.beacon_tx
                0x00000000000288d8       0x4c ../../mesh/core/libmesh_core_nrf52840_xxAA.a(beacon.c.obj)
                0x00000000000288d8                beacon_tx
 .text.beacon_packet_in
                0x0000000000028924      0x17c ../../mesh/core/libmesh_core_nrf52840_xxAA.a(beacon.c.obj)
                0x0000000000028924                beacon_packet_in
 .text.entry_get
                0x0000000000028aa0       0xa0 ../../mesh/core/libmesh_core_nrf52840_xxAA.a(flash_manager_internal.c.obj)
                0x0000000000028aa0                entry_get
 .text.adv_tx_complete_callback
                0x0000000000028b40       0x5c ../../mesh/core/libmesh_core_nrf52840_xxAA.a(core_tx.c.obj)
 .text.adv_bearer_packet_alloc
                0x0000000000028b9c       0x40 ../../mesh/core/libmesh_core_nrf52840_xxAA.a(core_tx.c.obj)
 .text.adv_bearer_packet_send
                0x0000000000028bdc       0x18 ../../mesh/core/libmesh_core_nrf52840_xxAA.a(core_tx.c.obj)
 .text.adv_bearer_packet_discard
                0x0000000000028bf4       0x18 ../../mesh/core/libmesh_core_nrf52840_xxAA.a(core_tx.c.obj)
 .text.core_tx_init
                0x0000000000028c0c       0x4c ../../mesh/core/libmesh_core_nrf52840_xxAA.a(core_tx.c.obj)
                0x0000000000028c0c                core_tx_init
 .text.core_tx_complete_cb_set
                0x0000000000028c58        0xc ../../mesh/core/libmesh_core_nrf52840_xxAA.a(core_tx.c.obj)
                0x0000000000028c58                core_tx_complete_cb_set
 .text.core_tx_packet_alloc
                0x0000000000028c64       0x78 ../../mesh/core/libmesh_core_nrf52840_xxAA.a(core_tx.c.obj)
                0x0000000000028c64                core_tx_packet_alloc
 .text.core_tx_packet_send
                0x0000000000028cdc       0x60 ../../mesh/core/libmesh_core_nrf52840_xxAA.a(core_tx.c.obj)
                0x0000000000028cdc                core_tx_packet_send
 .text.core_tx_packet_discard
                0x0000000000028d3c       0x60 ../../mesh/core/libmesh_core_nrf52840_xxAA.a(core_tx.c.obj)
                0x0000000000028d3c                core_tx_packet_discard
 .text.make_network_beacon_cmac
                0x0000000000028d9c       0x22 ../../mesh/core/libmesh_core_nrf52840_xxAA.a(net_beacon.c.obj)
 *fill*         0x0000000000028dbe        0x2 
 .text.network_beacon_tx_cb
                0x0000000000028dc0       0xfc ../../mesh/core/libmesh_core_nrf52840_xxAA.a(net_beacon.c.obj)
 .text.is_valid_beacon_pkt
                0x0000000000028ebc       0x26 ../../mesh/core/libmesh_core_nrf52840_xxAA.a(net_beacon.c.obj)
 *fill*         0x0000000000028ee2        0x2 
 .text.net_beacon_init
                0x0000000000028ee4       0x64 ../../mesh/core/libmesh_core_nrf52840_xxAA.a(net_beacon.c.obj)
                0x0000000000028ee4                net_beacon_init
 .text.net_beacon_packet_in
                0x0000000000028f48       0xa4 ../../mesh/core/libmesh_core_nrf52840_xxAA.a(net_beacon.c.obj)
                0x0000000000028f48                net_beacon_packet_in
 .text.set_gap_addr_type
                0x0000000000028fec       0x38 ../../mesh/core/libmesh_core_nrf52840_xxAA.a(advertiser.c.obj)
 .text.tx_complete_event_callback
                0x0000000000029024       0x40 ../../mesh/core/libmesh_core_nrf52840_xxAA.a(advertiser.c.obj)
 .text.next_packet_fetch
                0x0000000000029064       0x90 ../../mesh/core/libmesh_core_nrf52840_xxAA.a(advertiser.c.obj)
 .text.schedule_broadcast
                0x00000000000290f4       0x90 ../../mesh/core/libmesh_core_nrf52840_xxAA.a(advertiser.c.obj)
 .text.timeout_event
                0x0000000000029184       0x90 ../../mesh/core/libmesh_core_nrf52840_xxAA.a(advertiser.c.obj)
 .text.broadcast_complete_cb
                0x0000000000029214       0x64 ../../mesh/core/libmesh_core_nrf52840_xxAA.a(advertiser.c.obj)
 .text.advertiser_init
                0x0000000000029278       0x10 ../../mesh/core/libmesh_core_nrf52840_xxAA.a(advertiser.c.obj)
                0x0000000000029278                advertiser_init
 .text.advertiser_enable
                0x0000000000029288       0x44 ../../mesh/core/libmesh_core_nrf52840_xxAA.a(advertiser.c.obj)
                0x0000000000029288                advertiser_enable
 .text.advertiser_packet_alloc
                0x00000000000292cc       0x9c ../../mesh/core/libmesh_core_nrf52840_xxAA.a(advertiser.c.obj)
                0x00000000000292cc                advertiser_packet_alloc
 .text.advertiser_packet_send
                0x0000000000029368       0xa4 ../../mesh/core/libmesh_core_nrf52840_xxAA.a(advertiser.c.obj)
                0x0000000000029368                advertiser_packet_send
 .text.advertiser_packet_discard
                0x000000000002940c       0x2c ../../mesh/core/libmesh_core_nrf52840_xxAA.a(advertiser.c.obj)
                0x000000000002940c                advertiser_packet_discard
 .text.advertiser_interval_set
                0x0000000000029438       0xa0 ../../mesh/core/libmesh_core_nrf52840_xxAA.a(advertiser.c.obj)
                0x0000000000029438                advertiser_interval_set
 .text.advertiser_address_default_get
                0x00000000000294d8       0x54 ../../mesh/core/libmesh_core_nrf52840_xxAA.a(advertiser.c.obj)
                0x00000000000294d8                advertiser_address_default_get
 .text.advertiser_instance_init
                0x000000000002952c       0xc0 ../../mesh/core/libmesh_core_nrf52840_xxAA.a(advertiser.c.obj)
                0x000000000002952c                advertiser_instance_init
 .text.action_start
                0x00000000000295ec       0x48 ../../mesh/core/libmesh_core_nrf52840_xxAA.a(bearer_handler.c.obj)
 .text.scanner_stop
                0x0000000000029634       0x1c ../../mesh/core/libmesh_core_nrf52840_xxAA.a(bearer_handler.c.obj)
 .text.scanner_start
                0x0000000000029650       0x1c ../../mesh/core/libmesh_core_nrf52840_xxAA.a(bearer_handler.c.obj)
 .text.action_switch
                0x000000000002966c       0x64 ../../mesh/core/libmesh_core_nrf52840_xxAA.a(bearer_handler.c.obj)
 .text.bearer_handler_init
                0x00000000000296d0       0x2c ../../mesh/core/libmesh_core_nrf52840_xxAA.a(bearer_handler.c.obj)
                0x00000000000296d0                bearer_handler_init
 .text.bearer_handler_start
                0x00000000000296fc       0x20 ../../mesh/core/libmesh_core_nrf52840_xxAA.a(bearer_handler.c.obj)
                0x00000000000296fc                bearer_handler_start
 .text.bearer_handler_action_enqueue
                0x000000000002971c       0xa0 ../../mesh/core/libmesh_core_nrf52840_xxAA.a(bearer_handler.c.obj)
                0x000000000002971c                bearer_handler_action_enqueue
 .text.bearer_handler_action_end
                0x00000000000297bc       0x78 ../../mesh/core/libmesh_core_nrf52840_xxAA.a(bearer_handler.c.obj)
                0x00000000000297bc                bearer_handler_action_end
 .text.bearer_handler_radio_irq_handler
                0x0000000000029834       0x64 ../../mesh/core/libmesh_core_nrf52840_xxAA.a(bearer_handler.c.obj)
                0x0000000000029834                bearer_handler_radio_irq_handler
 .text.bearer_handler_timer_irq_handler
                0x0000000000029898       0x2c ../../mesh/core/libmesh_core_nrf52840_xxAA.a(bearer_handler.c.obj)
                0x0000000000029898                bearer_handler_timer_irq_handler
 .text.bearer_handler_on_ts_begin
                0x00000000000298c4       0x44 ../../mesh/core/libmesh_core_nrf52840_xxAA.a(bearer_handler.c.obj)
                0x00000000000298c4                bearer_handler_on_ts_begin
 .text.bearer_handler_on_ts_end
                0x0000000000029908       0x38 ../../mesh/core/libmesh_core_nrf52840_xxAA.a(bearer_handler.c.obj)
                0x0000000000029908                bearer_handler_on_ts_end
 .text.configure_timer_capture
                0x0000000000029940       0x24 ../../mesh/core/libmesh_core_nrf52840_xxAA.a(broadcast.c.obj)
 .text.radio_irq_handler
                0x0000000000029964       0xb4 ../../mesh/core/libmesh_core_nrf52840_xxAA.a(broadcast.c.obj)
 .text.broadcast_start
                0x0000000000029a18       0x70 ../../mesh/core/libmesh_core_nrf52840_xxAA.a(broadcast.c.obj)
 .text.broadcast_send
                0x0000000000029a88       0x8c ../../mesh/core/libmesh_core_nrf52840_xxAA.a(broadcast.c.obj)
                0x0000000000029a88                broadcast_send
 .text.radio_config_reset
                0x0000000000029b14       0x34 ../../mesh/core/libmesh_core_nrf52840_xxAA.a(radio_config.c.obj)
                0x0000000000029b14                radio_config_reset
 .text.radio_config_channel_set
                0x0000000000029b48       0x34 ../../mesh/core/libmesh_core_nrf52840_xxAA.a(radio_config.c.obj)
                0x0000000000029b48                radio_config_channel_set
 .text.radio_config_config
                0x0000000000029b7c       0xa4 ../../mesh/core/libmesh_core_nrf52840_xxAA.a(radio_config.c.obj)
                0x0000000000029b7c                radio_config_config
 .text.radio_config_access_addr_set
                0x0000000000029c20       0x64 ../../mesh/core/libmesh_core_nrf52840_xxAA.a(radio_config.c.obj)
                0x0000000000029c20                radio_config_access_addr_set
 .text.scan_window_end
                0x0000000000029c84       0x28 ../../mesh/core/libmesh_core_nrf52840_xxAA.a(scanner.c.obj)
 .text.scan_window_start
                0x0000000000029cac       0x40 ../../mesh/core/libmesh_core_nrf52840_xxAA.a(scanner.c.obj)
 .text.channels_are_valid
                0x0000000000029cec       0x50 ../../mesh/core/libmesh_core_nrf52840_xxAA.a(scanner.c.obj)
 .text.radio_configure
                0x0000000000029d3c       0x84 ../../mesh/core/libmesh_core_nrf52840_xxAA.a(scanner.c.obj)
 .text.radio_set_packet
                0x0000000000029dc0       0x54 ../../mesh/core/libmesh_core_nrf52840_xxAA.a(scanner.c.obj)
 .text.radio_start
                0x0000000000029e14       0x50 ../../mesh/core/libmesh_core_nrf52840_xxAA.a(scanner.c.obj)
 .text.radio_stop
                0x0000000000029e64       0x44 ../../mesh/core/libmesh_core_nrf52840_xxAA.a(scanner.c.obj)
 .text.radio_state_rxidle_handle
                0x0000000000029ea8       0x50 ../../mesh/core/libmesh_core_nrf52840_xxAA.a(scanner.c.obj)
 .text.radio_state_rx_handle
                0x0000000000029ef8       0x40 ../../mesh/core/libmesh_core_nrf52840_xxAA.a(scanner.c.obj)
 .text.radio_setup_next_operation
                0x0000000000029f38       0x64 ../../mesh/core/libmesh_core_nrf52840_xxAA.a(scanner.c.obj)
 .text.radio_handle_end_event
                0x0000000000029f9c       0xb8 ../../mesh/core/libmesh_core_nrf52840_xxAA.a(scanner.c.obj)
 .text.schedule_timers
                0x000000000002a054       0x3c ../../mesh/core/libmesh_core_nrf52840_xxAA.a(scanner.c.obj)
 .text.scanner_radio_start
                0x000000000002a090       0x28 ../../mesh/core/libmesh_core_nrf52840_xxAA.a(scanner.c.obj)
                0x000000000002a090                scanner_radio_start
 .text.scanner_radio_stop
                0x000000000002a0b8       0x14 ../../mesh/core/libmesh_core_nrf52840_xxAA.a(scanner.c.obj)
                0x000000000002a0b8                scanner_radio_stop
 .text.scanner_radio_irq_handler
                0x000000000002a0cc       0x28 ../../mesh/core/libmesh_core_nrf52840_xxAA.a(scanner.c.obj)
                0x000000000002a0cc                scanner_radio_irq_handler
 .text.scanner_enable
                0x000000000002a0f4       0x34 ../../mesh/core/libmesh_core_nrf52840_xxAA.a(scanner.c.obj)
                0x000000000002a0f4                scanner_enable
 .text.scanner_packet_release
                0x000000000002a128       0x4c ../../mesh/core/libmesh_core_nrf52840_xxAA.a(scanner.c.obj)
                0x000000000002a128                scanner_packet_release
 .text.scanner_rx
                0x000000000002a174       0x34 ../../mesh/core/libmesh_core_nrf52840_xxAA.a(scanner.c.obj)
                0x000000000002a174                scanner_rx
 .text.scanner_config_radio_mode_set
                0x000000000002a1a8       0x10 ../../mesh/core/libmesh_core_nrf52840_xxAA.a(scanner.c.obj)
                0x000000000002a1a8                scanner_config_radio_mode_set
 .text.scanner_config_scan_time_set
                0x000000000002a1b8       0x68 ../../mesh/core/libmesh_core_nrf52840_xxAA.a(scanner.c.obj)
                0x000000000002a1b8                scanner_config_scan_time_set
 .text.scanner_config_channels_set
                0x000000000002a220       0x54 ../../mesh/core/libmesh_core_nrf52840_xxAA.a(scanner.c.obj)
                0x000000000002a220                scanner_config_channels_set
 .text.scanner_config_access_addresses_set
                0x000000000002a274       0x44 ../../mesh/core/libmesh_core_nrf52840_xxAA.a(scanner.c.obj)
                0x000000000002a274                scanner_config_access_addresses_set
 .text.scanner_config_reset
                0x000000000002a2b8       0x48 ../../mesh/core/libmesh_core_nrf52840_xxAA.a(scanner.c.obj)
                0x000000000002a2b8                scanner_config_reset
 .text.scanner_init
                0x000000000002a300       0x48 ../../mesh/core/libmesh_core_nrf52840_xxAA.a(scanner.c.obj)
                0x000000000002a300                scanner_init
 .text.internal_event_push
                0x000000000002a348       0x2c ../../mesh/core/libmesh_core_nrf52840_xxAA.a(internal_event.c.obj)
                0x000000000002a348                internal_event_push
 .text.nrf_mesh_configure_device_uuid_reset
                0x000000000002a374       0x28 ../../mesh/core/libmesh_core_nrf52840_xxAA.a(nrf_mesh_configure.c.obj)
                0x000000000002a374                nrf_mesh_configure_device_uuid_reset
 .text.msg_cache_init
                0x000000000002a39c       0x2c ../../mesh/core/libmesh_core_nrf52840_xxAA.a(msg_cache.c.obj)
                0x000000000002a39c                msg_cache_init
 .text.msg_cache_entry_exists
                0x000000000002a3c8       0x4c ../../mesh/core/libmesh_core_nrf52840_xxAA.a(msg_cache.c.obj)
                0x000000000002a3c8                msg_cache_entry_exists
 .text.msg_cache_entry_add
                0x000000000002a414       0x34 ../../mesh/core/libmesh_core_nrf52840_xxAA.a(msg_cache.c.obj)
                0x000000000002a414                msg_cache_entry_add
 .text.seqauth_sequence_number_get
                0x000000000002a448       0x18 ../../mesh/core/libmesh_core_nrf52840_xxAA.a(transport.c.obj)
 .text.trs_packet_header_build
                0x000000000002a460       0xac ../../mesh/core/libmesh_core_nrf52840_xxAA.a(transport.c.obj)
 .text.sar_ctx_find
                0x000000000002a50c       0x54 ../../mesh/core/libmesh_core_nrf52840_xxAA.a(transport.c.obj)
 .text.m_send_replay_cache_full_event
                0x000000000002a560       0x38 ../../mesh/core/libmesh_core_nrf52840_xxAA.a(transport.c.obj)
 .text.m_send_sar_cancel_event
                0x000000000002a598       0x28 ../../mesh/core/libmesh_core_nrf52840_xxAA.a(transport.c.obj)
 .text.tx_complete
                0x000000000002a5c0       0x34 ../../mesh/core/libmesh_core_nrf52840_xxAA.a(transport.c.obj)
 .text.transport_metadata_build
                0x000000000002a5f4       0x82 ../../mesh/core/libmesh_core_nrf52840_xxAA.a(transport.c.obj)
 .text.upper_trs_packet_alloc
                0x000000000002a676       0x32 ../../mesh/core/libmesh_core_nrf52840_xxAA.a(transport.c.obj)
 .text.upper_trs_packet_encrypt
                0x000000000002a6a8       0xc8 ../../mesh/core/libmesh_core_nrf52840_xxAA.a(transport.c.obj)
 .text.sar_segment_send
                0x000000000002a770       0x94 ../../mesh/core/libmesh_core_nrf52840_xxAA.a(transport.c.obj)
 .text.trs_sar_packet_out
                0x000000000002a804       0x38 ../../mesh/core/libmesh_core_nrf52840_xxAA.a(transport.c.obj)
 .text.tx_retry_timer_reset
                0x000000000002a83c       0x50 ../../mesh/core/libmesh_core_nrf52840_xxAA.a(transport.c.obj)
 .text.trs_sar_tx_process
                0x000000000002a88c       0x3c ../../mesh/core/libmesh_core_nrf52840_xxAA.a(transport.c.obj)
 .text.rx_incomplete_timer_reset
                0x000000000002a8c8       0x38 ../../mesh/core/libmesh_core_nrf52840_xxAA.a(transport.c.obj)
 .text.ack_timer_reset
                0x000000000002a900       0x44 ../../mesh/core/libmesh_core_nrf52840_xxAA.a(transport.c.obj)
 .text.sar_ack_send
                0x000000000002a944      0x13c ../../mesh/core/libmesh_core_nrf52840_xxAA.a(transport.c.obj)
 .text.ack_timeout
                0x000000000002aa80       0x38 ../../mesh/core/libmesh_core_nrf52840_xxAA.a(transport.c.obj)
 .text.sar_ctx_free
                0x000000000002aab8       0x3c ../../mesh/core/libmesh_core_nrf52840_xxAA.a(transport.c.obj)
 .text.sar_ctx_tx_complete
                0x000000000002aaf4       0x3c ../../mesh/core/libmesh_core_nrf52840_xxAA.a(transport.c.obj)
 .text.sar_ctx_cancel
                0x000000000002ab30      0x174 ../../mesh/core/libmesh_core_nrf52840_xxAA.a(transport.c.obj)
 .text.abort_timeout
                0x000000000002aca4        0xc ../../mesh/core/libmesh_core_nrf52840_xxAA.a(transport.c.obj)
 .text.retry_timeout
                0x000000000002acb0       0x50 ../../mesh/core/libmesh_core_nrf52840_xxAA.a(transport.c.obj)
 .text.segack_packet_in
                0x000000000002ad00      0x170 ../../mesh/core/libmesh_core_nrf52840_xxAA.a(transport.c.obj)
 .text.transport_control_packet_in
                0x000000000002ae70        0xe ../../mesh/core/libmesh_core_nrf52840_xxAA.a(transport.c.obj)
 *fill*         0x000000000002ae7e        0x2 
 .text.sar_ctx_alloc
                0x000000000002ae80       0xcc ../../mesh/core/libmesh_core_nrf52840_xxAA.a(transport.c.obj)
 .text.sar_rx_ctx_create
                0x000000000002af4c       0xd4 ../../mesh/core/libmesh_core_nrf52840_xxAA.a(transport.c.obj)
 .text.sar_rx_ctx_find_or_create
                0x000000000002b020       0x28 ../../mesh/core/libmesh_core_nrf52840_xxAA.a(transport.c.obj)
 .text.test_transport_decrypt
                0x000000000002b048       0x98 ../../mesh/core/libmesh_core_nrf52840_xxAA.a(transport.c.obj)
 .text.upper_trs_packet_decrypt
                0x000000000002b0e0      0x11a ../../mesh/core/libmesh_core_nrf52840_xxAA.a(transport.c.obj)
 *fill*         0x000000000002b1fa        0x2 
 .text.upper_transport_access_packet_in
                0x000000000002b1fc      0x1e0 ../../mesh/core/libmesh_core_nrf52840_xxAA.a(transport.c.obj)
 .text.upper_transport_packet_in
                0x000000000002b3dc       0x12 ../../mesh/core/libmesh_core_nrf52840_xxAA.a(transport.c.obj)
 *fill*         0x000000000002b3ee        0x2 
 .text.sar_ctx_rx_complete
                0x000000000002b3f0       0x6c ../../mesh/core/libmesh_core_nrf52840_xxAA.a(transport.c.obj)
 .text.trs_sar_rx_process
                0x000000000002b45c       0x90 ../../mesh/core/libmesh_core_nrf52840_xxAA.a(transport.c.obj)
 .text.transport_sar_process
                0x000000000002b4ec        0xc ../../mesh/core/libmesh_core_nrf52840_xxAA.a(transport.c.obj)
 .text.trs_sar_seg_packet_in
                0x000000000002b4f8      0x200 ../../mesh/core/libmesh_core_nrf52840_xxAA.a(transport.c.obj)
 .text.transport_sar_mem_funcs_reset
                0x000000000002b6f8       0x28 ../../mesh/core/libmesh_core_nrf52840_xxAA.a(transport.c.obj)
                0x000000000002b6f8                transport_sar_mem_funcs_reset
 .text.transport_init
                0x000000000002b720       0x74 ../../mesh/core/libmesh_core_nrf52840_xxAA.a(transport.c.obj)
                0x000000000002b720                transport_init
 .text.transport_sar_mem_funcs_set
                0x000000000002b794       0x48 ../../mesh/core/libmesh_core_nrf52840_xxAA.a(transport.c.obj)
                0x000000000002b794                transport_sar_mem_funcs_set
 .text.transport_packet_in
                0x000000000002b7dc      0x1b4 ../../mesh/core/libmesh_core_nrf52840_xxAA.a(transport.c.obj)
                0x000000000002b7dc                transport_packet_in
 .text.m_index_increment
                0x000000000002b990       0x30 ../../mesh/core/libmesh_core_nrf52840_xxAA.a(packet_buffer.c.obj)
 .text.m_free_popped_packet
                0x000000000002b9c0       0x54 ../../mesh/core/libmesh_core_nrf52840_xxAA.a(packet_buffer.c.obj)
 .text.m_get_next_packet
                0x000000000002ba14       0x18 ../../mesh/core/libmesh_core_nrf52840_xxAA.a(packet_buffer.c.obj)
 .text.m_free_reserved_packet
                0x000000000002ba2c       0x32 ../../mesh/core/libmesh_core_nrf52840_xxAA.a(packet_buffer.c.obj)
 .text.m_get_packet_state
                0x000000000002ba5e        0x8 ../../mesh/core/libmesh_core_nrf52840_xxAA.a(packet_buffer.c.obj)
 .text.m_max_packet_len_get
                0x000000000002ba66        0x8 ../../mesh/core/libmesh_core_nrf52840_xxAA.a(packet_buffer.c.obj)
 *fill*         0x000000000002ba6e        0x2 
 .text.m_adjust_reserved_packet_len
                0x000000000002ba70       0x44 ../../mesh/core/libmesh_core_nrf52840_xxAA.a(packet_buffer.c.obj)
 .text.m_reserve_packet
                0x000000000002bab4       0x30 ../../mesh/core/libmesh_core_nrf52840_xxAA.a(packet_buffer.c.obj)
 .text.m_adjust_desired_packet_length
                0x000000000002bae4       0x34 ../../mesh/core/libmesh_core_nrf52840_xxAA.a(packet_buffer.c.obj)
 .text.m_wrap_head_to_start
                0x000000000002bb18       0x2c ../../mesh/core/libmesh_core_nrf52840_xxAA.a(packet_buffer.c.obj)
 .text.m_head_is_tail_prepare_reserve
                0x000000000002bb44       0x2a ../../mesh/core/libmesh_core_nrf52840_xxAA.a(packet_buffer.c.obj)
 .text.m_head_ahead_prepare_reserve
                0x000000000002bb6e       0x16 ../../mesh/core/libmesh_core_nrf52840_xxAA.a(packet_buffer.c.obj)
 .text.m_tail_ahead_prepare_reserve
                0x000000000002bb84       0x12 ../../mesh/core/libmesh_core_nrf52840_xxAA.a(packet_buffer.c.obj)
 .text.m_prepare_for_reserve
                0x000000000002bb96       0x44 ../../mesh/core/libmesh_core_nrf52840_xxAA.a(packet_buffer.c.obj)
 .text.free_skipped_packets
                0x000000000002bbda       0x22 ../../mesh/core/libmesh_core_nrf52840_xxAA.a(packet_buffer.c.obj)
 .text.packet_buffer_init
                0x000000000002bbfc       0xdc ../../mesh/core/libmesh_core_nrf52840_xxAA.a(packet_buffer.c.obj)
                0x000000000002bbfc                packet_buffer_init
 .text.packet_buffer_reserve
                0x000000000002bcd8       0x84 ../../mesh/core/libmesh_core_nrf52840_xxAA.a(packet_buffer.c.obj)
                0x000000000002bcd8                packet_buffer_reserve
 .text.packet_buffer_commit
                0x000000000002bd5c       0xdc ../../mesh/core/libmesh_core_nrf52840_xxAA.a(packet_buffer.c.obj)
                0x000000000002bd5c                packet_buffer_commit
 .text.packet_buffer_pop
                0x000000000002be38       0x60 ../../mesh/core/libmesh_core_nrf52840_xxAA.a(packet_buffer.c.obj)
                0x000000000002be38                packet_buffer_pop
 .text.packet_buffer_can_pop
                0x000000000002be98       0x30 ../../mesh/core/libmesh_core_nrf52840_xxAA.a(packet_buffer.c.obj)
                0x000000000002be98                packet_buffer_can_pop
 .text.packet_buffer_packets_ready_to_pop
                0x000000000002bec8       0x50 ../../mesh/core/libmesh_core_nrf52840_xxAA.a(packet_buffer.c.obj)
                0x000000000002bec8                packet_buffer_packets_ready_to_pop
 .text.packet_buffer_free
                0x000000000002bf18       0x5c ../../mesh/core/libmesh_core_nrf52840_xxAA.a(packet_buffer.c.obj)
                0x000000000002bf18                packet_buffer_free
 .text.jump_to_step
                0x000000000002bf74       0x38 ../../mesh/core/libmesh_core_nrf52840_xxAA.a(flash_manager_defrag.c.obj)
 .text.defrag_on_end
                0x000000000002bfac       0x1c ../../mesh/core/libmesh_core_nrf52840_xxAA.a(flash_manager_defrag.c.obj)
 .text.execute_procedure_step
                0x000000000002bfc8       0xb4 ../../mesh/core/libmesh_core_nrf52840_xxAA.a(flash_manager_defrag.c.obj)
 .text.recover_defrag_progress
                0x000000000002c07c       0x54 ../../mesh/core/libmesh_core_nrf52840_xxAA.a(flash_manager_defrag.c.obj)
 .text.on_flash_op_end
                0x000000000002c0d0       0x3c ../../mesh/core/libmesh_core_nrf52840_xxAA.a(flash_manager_defrag.c.obj)
 .text.erase_source
                0x000000000002c10c       0x38 ../../mesh/core/libmesh_core_nrf52840_xxAA.a(flash_manager_defrag.c.obj)
 .text.erase_recovery_area
                0x000000000002c144       0x38 ../../mesh/core/libmesh_core_nrf52840_xxAA.a(flash_manager_defrag.c.obj)
 .text.post_process
                0x000000000002c17c       0x68 ../../mesh/core/libmesh_core_nrf52840_xxAA.a(flash_manager_defrag.c.obj)
 .text.write_back
                0x000000000002c1e4       0x44 ../../mesh/core/libmesh_core_nrf52840_xxAA.a(flash_manager_defrag.c.obj)
 .text.write_defrag_start_pointer
                0x000000000002c228       0x3c ../../mesh/core/libmesh_core_nrf52840_xxAA.a(flash_manager_defrag.c.obj)
 .text.copy_metadata
                0x000000000002c264       0x58 ../../mesh/core/libmesh_core_nrf52840_xxAA.a(flash_manager_defrag.c.obj)
 .text.seal_storage_page
                0x000000000002c2bc       0x74 ../../mesh/core/libmesh_core_nrf52840_xxAA.a(flash_manager_defrag.c.obj)
 .text.check_for_invalid_entries
                0x000000000002c330       0x44 ../../mesh/core/libmesh_core_nrf52840_xxAA.a(flash_manager_defrag.c.obj)
 .text.invalidate_duplicate_entries
                0x000000000002c374      0x158 ../../mesh/core/libmesh_core_nrf52840_xxAA.a(flash_manager_defrag.c.obj)
 .text.backup_entries
                0x000000000002c4cc      0x1d8 ../../mesh/core/libmesh_core_nrf52840_xxAA.a(flash_manager_defrag.c.obj)
 .text.flash_manager_defrag_init
                0x000000000002c6a4       0x3c ../../mesh/core/libmesh_core_nrf52840_xxAA.a(flash_manager_defrag.c.obj)
                0x000000000002c6a4                flash_manager_defrag_init
 .text.flash_manager_defrag_is_running
                0x000000000002c6e0       0x10 ../../mesh/core/libmesh_core_nrf52840_xxAA.a(flash_manager_defrag.c.obj)
                0x000000000002c6e0                flash_manager_defrag_is_running
 .text.flash_manager_defrag
                0x000000000002c6f0       0xe4 ../../mesh/core/libmesh_core_nrf52840_xxAA.a(flash_manager_defrag.c.obj)
                0x000000000002c6f0                flash_manager_defrag
 .text.flash_manager_defrag_recovery_page_get
                0x000000000002c7d4        0xc ../../mesh/core/libmesh_core_nrf52840_xxAA.a(flash_manager_defrag.c.obj)
                0x000000000002c7d4                flash_manager_defrag_recovery_page_get
 .text.fifo_init
                0x000000000002c7e0       0x54 ../../mesh/core/libmesh_core_nrf52840_xxAA.a(fifo.c.obj)
                0x000000000002c7e0                fifo_init
 .text.fifo_push
                0x000000000002c834       0x5a ../../mesh/core/libmesh_core_nrf52840_xxAA.a(fifo.c.obj)
                0x000000000002c834                fifo_push
 .text.fifo_pop
                0x000000000002c88e       0x54 ../../mesh/core/libmesh_core_nrf52840_xxAA.a(fifo.c.obj)
                0x000000000002c88e                fifo_pop
 .text.buffer_populate_new_header
                0x000000000002c8e2        0xa ../../mesh/core/libmesh_core_nrf52840_xxAA.a(packet_mgr.c.obj)
 .text.packet_mgr_init
                0x000000000002c8ec       0x60 ../../mesh/core/libmesh_core_nrf52840_xxAA.a(packet_mgr.c.obj)
                0x000000000002c8ec                packet_mgr_init
 .text.flash_op_duration
                0x000000000002c94c       0x60 ../../mesh/core/libmesh_core_nrf52840_xxAA.a(mesh_flash.c.obj)
 .text.flash_op_type_min_duration
                0x000000000002c9ac       0x34 ../../mesh/core/libmesh_core_nrf52840_xxAA.a(mesh_flash.c.obj)
 .text.send_end_events
                0x000000000002c9e0       0xa0 ../../mesh/core/libmesh_core_nrf52840_xxAA.a(mesh_flash.c.obj)
 .text.init_flash_op_queue
                0x000000000002ca80       0x22 ../../mesh/core/libmesh_core_nrf52840_xxAA.a(mesh_flash.c.obj)
 *fill*         0x000000000002caa2        0x2 
 .text.flash_op_schedule
                0x000000000002caa4       0x50 ../../mesh/core/libmesh_core_nrf52840_xxAA.a(mesh_flash.c.obj)
 .text.write_as_much_as_possible
                0x000000000002caf4       0x74 ../../mesh/core/libmesh_core_nrf52840_xxAA.a(mesh_flash.c.obj)
 .text.erase_as_much_as_possible
                0x000000000002cb68       0x70 ../../mesh/core/libmesh_core_nrf52840_xxAA.a(mesh_flash.c.obj)
 .text.execute_next_operation_chunk
                0x000000000002cbd8       0x4c ../../mesh/core/libmesh_core_nrf52840_xxAA.a(mesh_flash.c.obj)
 .text.flash_op_start
                0x000000000002cc24       0xb0 ../../mesh/core/libmesh_core_nrf52840_xxAA.a(mesh_flash.c.obj)
 .text.mesh_flash_init
                0x000000000002ccd4       0x30 ../../mesh/core/libmesh_core_nrf52840_xxAA.a(mesh_flash.c.obj)
                0x000000000002ccd4                mesh_flash_init
 .text.mesh_flash_user_callback_set
                0x000000000002cd04       0x2c ../../mesh/core/libmesh_core_nrf52840_xxAA.a(mesh_flash.c.obj)
                0x000000000002cd04                mesh_flash_user_callback_set
 .text.mesh_flash_op_push
                0x000000000002cd30      0x184 ../../mesh/core/libmesh_core_nrf52840_xxAA.a(mesh_flash.c.obj)
                0x000000000002cd30                mesh_flash_op_push
 .text.queue_init
                0x000000000002ceb4       0x24 ../../mesh/core/libmesh_core_nrf52840_xxAA.a(queue.c.obj)
                0x000000000002ceb4                queue_init
 .text.queue_push
                0x000000000002ced8       0x4c ../../mesh/core/libmesh_core_nrf52840_xxAA.a(queue.c.obj)
                0x000000000002ced8                queue_push
 .text.queue_pop
                0x000000000002cf24       0x38 ../../mesh/core/libmesh_core_nrf52840_xxAA.a(queue.c.obj)
                0x000000000002cf24                queue_pop
 .text.queue_peek
                0x000000000002cf5c       0x20 ../../mesh/core/libmesh_core_nrf52840_xxAA.a(queue.c.obj)
                0x000000000002cf5c                queue_peek
 .text.enc_aes_encrypt
                0x000000000002cf7c        0x8 ../../mesh/core/libmesh_core_nrf52840_xxAA.a(enc.c.obj)
                0x000000000002cf7c                enc_aes_encrypt
 .text.enc_aes_cmac
                0x000000000002cf84        0x8 ../../mesh/core/libmesh_core_nrf52840_xxAA.a(enc.c.obj)
                0x000000000002cf84                enc_aes_cmac
 .text.enc_aes_ccm_encrypt
                0x000000000002cf8c        0x8 ../../mesh/core/libmesh_core_nrf52840_xxAA.a(enc.c.obj)
                0x000000000002cf8c                enc_aes_ccm_encrypt
 .text.enc_aes_ccm_decrypt
                0x000000000002cf94        0x8 ../../mesh/core/libmesh_core_nrf52840_xxAA.a(enc.c.obj)
                0x000000000002cf94                enc_aes_ccm_decrypt
 .text.enc_nonce_generate
                0x000000000002cf9c       0xe8 ../../mesh/core/libmesh_core_nrf52840_xxAA.a(enc.c.obj)
                0x000000000002cf9c                enc_nonce_generate
 .text.enc_s1   0x000000000002d084       0x3c ../../mesh/core/libmesh_core_nrf52840_xxAA.a(enc.c.obj)
                0x000000000002d084                enc_s1
 .text.msq_get  0x000000000002d0c0       0x74 ../../mesh/core/libmesh_core_nrf52840_xxAA.a(msqueue.c.obj)
                0x000000000002d0c0                msq_get
 .text.msq_move
                0x000000000002d134       0x64 ../../mesh/core/libmesh_core_nrf52840_xxAA.a(msqueue.c.obj)
                0x000000000002d134                msq_move
 .text.msq_reset
                0x000000000002d198       0x30 ../../mesh/core/libmesh_core_nrf52840_xxAA.a(msqueue.c.obj)
                0x000000000002d198                msq_reset
 .text.msq_init
                0x000000000002d1c8       0x84 ../../mesh/core/libmesh_core_nrf52840_xxAA.a(msqueue.c.obj)
                0x000000000002d1c8                msq_init
 .text.msq_available
                0x000000000002d24c       0x5c ../../mesh/core/libmesh_core_nrf52840_xxAA.a(msqueue.c.obj)
                0x000000000002d24c                msq_available
 .text.ccm_soft_crypt
                0x000000000002d2a8       0xae ../../mesh/core/libmesh_core_nrf52840_xxAA.a(ccm_soft.c.obj)
 .text.ccm_soft_authenticate_blocks
                0x000000000002d356       0x7a ../../mesh/core/libmesh_core_nrf52840_xxAA.a(ccm_soft.c.obj)
 .text.ccm_soft_authenticate
                0x000000000002d3d0       0xba ../../mesh/core/libmesh_core_nrf52840_xxAA.a(ccm_soft.c.obj)
 .text.ccm_soft_encrypt
                0x000000000002d48a       0x94 ../../mesh/core/libmesh_core_nrf52840_xxAA.a(ccm_soft.c.obj)
                0x000000000002d48a                ccm_soft_encrypt
 .text.ccm_soft_decrypt
                0x000000000002d51e      0x14c ../../mesh/core/libmesh_core_nrf52840_xxAA.a(ccm_soft.c.obj)
                0x000000000002d51e                ccm_soft_decrypt
 *fill*         0x000000000002d66a        0x2 
 .text.replay_cache_add
                0x000000000002d66c       0x74 ../../mesh/core/libmesh_core_nrf52840_xxAA.a(replay_cache.c.obj)
                0x000000000002d66c                replay_cache_add
 .text.replay_cache_has_room
                0x000000000002d6e0       0x38 ../../mesh/core/libmesh_core_nrf52840_xxAA.a(replay_cache.c.obj)
                0x000000000002d6e0                replay_cache_has_room
 .text.replay_cache_has_elem
                0x000000000002d718       0x44 ../../mesh/core/libmesh_core_nrf52840_xxAA.a(replay_cache.c.obj)
                0x000000000002d718                replay_cache_has_elem
 .text.replay_cache_clear
                0x000000000002d75c       0x28 ../../mesh/core/libmesh_core_nrf52840_xxAA.a(replay_cache.c.obj)
                0x000000000002d75c                replay_cache_clear
 .text.replay_cache_init
                0x000000000002d784        0x8 ../../mesh/core/libmesh_core_nrf52840_xxAA.a(replay_cache.c.obj)
                0x000000000002d784                replay_cache_init
 .text.fen_filters_apply
                0x000000000002d78c       0x34 ../../mesh/core/libmesh_core_nrf52840_xxAA.a(filter_engine.c.obj)
                0x000000000002d78c                fen_filters_apply
 .text.sd_ecb_block_encrypt
                0x000000000002d7c0        0x4 ../../mesh/core/libmesh_core_nrf52840_xxAA.a(aes.c.obj)
 .text.aes_encrypt
                0x000000000002d7c4       0x32 ../../mesh/core/libmesh_core_nrf52840_xxAA.a(aes.c.obj)
                0x000000000002d7c4                aes_encrypt
 *fill*         0x000000000002d7f6        0x2 
 .text.nrf_flash_erase
                0x000000000002d7f8       0x60 ../../mesh/core/libmesh_core_nrf52840_xxAA.a(nrf_flash.c.obj)
                0x000000000002d7f8                nrf_flash_erase
 .text.nrf_flash_write
                0x000000000002d858       0x7c ../../mesh/core/libmesh_core_nrf52840_xxAA.a(nrf_flash.c.obj)
                0x000000000002d858                nrf_flash_write
 .text.my_xor   0x000000000002d8d4       0x1a ../../mesh/core/libmesh_core_nrf52840_xxAA.a(aes_cmac.c.obj)
 *fill*         0x000000000002d8ee        0x2 
 .text.aes_cmac_subkey_generate
                0x000000000002d8f0       0xdc ../../mesh/core/libmesh_core_nrf52840_xxAA.a(aes_cmac.c.obj)
                0x000000000002d8f0                aes_cmac_subkey_generate
 .text.aes_cmac
                0x000000000002d9cc       0xfc ../../mesh/core/libmesh_core_nrf52840_xxAA.a(aes_cmac.c.obj)
                0x000000000002d9cc                aes_cmac
 .text._GetAvailWriteSpace
                0x000000000002dac8       0x18 ../../external/rtt/librtt_nrf52840_xxAA.a(SEGGER_RTT.c.obj)
 .text._WriteNoCheck
                0x000000000002dae0       0x42 ../../external/rtt/librtt_nrf52840_xxAA.a(SEGGER_RTT.c.obj)
 .text._WriteBlocking
                0x000000000002db22       0x5e ../../external/rtt/librtt_nrf52840_xxAA.a(SEGGER_RTT.c.obj)
 .text._DoInit  0x000000000002db80       0x60 ../../external/rtt/librtt_nrf52840_xxAA.a(SEGGER_RTT.c.obj)
 .text.SEGGER_RTT_WriteNoLock
                0x000000000002dbe0       0x70 ../../external/rtt/librtt_nrf52840_xxAA.a(SEGGER_RTT.c.obj)
                0x000000000002dbe0                SEGGER_RTT_WriteNoLock
 .text.SEGGER_RTT_Write
                0x000000000002dc50       0x34 ../../external/rtt/librtt_nrf52840_xxAA.a(SEGGER_RTT.c.obj)
                0x000000000002dc50                SEGGER_RTT_Write
 .text._StoreChar
                0x000000000002dc84       0x40 ../../external/rtt/librtt_nrf52840_xxAA.a(SEGGER_RTT_printf.c.obj)
 .text._PrintUnsigned
                0x000000000002dcc4       0xe0 ../../external/rtt/librtt_nrf52840_xxAA.a(SEGGER_RTT_printf.c.obj)
 .text._PrintInt
                0x000000000002dda4       0xe8 ../../external/rtt/librtt_nrf52840_xxAA.a(SEGGER_RTT_printf.c.obj)
 .text.SEGGER_RTT_vprintf
                0x000000000002de8c      0x1d4 ../../external/rtt/librtt_nrf52840_xxAA.a(SEGGER_RTT_printf.c.obj)
                0x000000000002de8c                SEGGER_RTT_vprintf
 .text.SEGGER_RTT_printf
                0x000000000002e060       0x20 ../../external/rtt/librtt_nrf52840_xxAA.a(SEGGER_RTT_printf.c.obj)
                0x000000000002e060                SEGGER_RTT_printf
 .text.exit     0x000000000002e080       0x28 /Users/corentin/opt/gcc-arm-none-eabi-6-2017-q2-update/bin/../lib/gcc/arm-none-eabi/6.3.1/../../../../arm-none-eabi/lib/thumb/v7e-m/fpv4-sp/hard/libg_nano.a(lib_a-exit.o)
                0x000000000002e080                exit
 .text.__libc_init_array
                0x000000000002e0a8       0x48 /Users/corentin/opt/gcc-arm-none-eabi-6-2017-q2-update/bin/../lib/gcc/arm-none-eabi/6.3.1/../../../../arm-none-eabi/lib/thumb/v7e-m/fpv4-sp/hard/libg_nano.a(lib_a-init.o)
                0x000000000002e0a8                __libc_init_array
 .text.malloc   0x000000000002e0f0       0x10 /Users/corentin/opt/gcc-arm-none-eabi-6-2017-q2-update/bin/../lib/gcc/arm-none-eabi/6.3.1/../../../../arm-none-eabi/lib/thumb/v7e-m/fpv4-sp/hard/libg_nano.a(lib_a-malloc.o)
                0x000000000002e0f0                malloc
 .text.free     0x000000000002e100       0x10 /Users/corentin/opt/gcc-arm-none-eabi-6-2017-q2-update/bin/../lib/gcc/arm-none-eabi/6.3.1/../../../../arm-none-eabi/lib/thumb/v7e-m/fpv4-sp/hard/libg_nano.a(lib_a-malloc.o)
                0x000000000002e100                free
 .text.memcmp   0x000000000002e110       0x1e /Users/corentin/opt/gcc-arm-none-eabi-6-2017-q2-update/bin/../lib/gcc/arm-none-eabi/6.3.1/../../../../arm-none-eabi/lib/thumb/v7e-m/fpv4-sp/hard/libg_nano.a(lib_a-memcmp.o)
                0x000000000002e110                memcmp
 .text.memcpy   0x000000000002e12e       0x16 /Users/corentin/opt/gcc-arm-none-eabi-6-2017-q2-update/bin/../lib/gcc/arm-none-eabi/6.3.1/../../../../arm-none-eabi/lib/thumb/v7e-m/fpv4-sp/hard/libg_nano.a(lib_a-memcpy-stub.o)
                0x000000000002e12e                memcpy
 .text.memset   0x000000000002e144       0x10 /Users/corentin/opt/gcc-arm-none-eabi-6-2017-q2-update/bin/../lib/gcc/arm-none-eabi/6.3.1/../../../../arm-none-eabi/lib/thumb/v7e-m/fpv4-sp/hard/libg_nano.a(lib_a-memset.o)
                0x000000000002e144                memset
 .text._free_r  0x000000000002e154       0x9c /Users/corentin/opt/gcc-arm-none-eabi-6-2017-q2-update/bin/../lib/gcc/arm-none-eabi/6.3.1/../../../../arm-none-eabi/lib/thumb/v7e-m/fpv4-sp/hard/libg_nano.a(lib_a-nano-freer.o)
                0x000000000002e154                _free_r
 .text._malloc_r
                0x000000000002e1f0       0xbc /Users/corentin/opt/gcc-arm-none-eabi-6-2017-q2-update/bin/../lib/gcc/arm-none-eabi/6.3.1/../../../../arm-none-eabi/lib/thumb/v7e-m/fpv4-sp/hard/libg_nano.a(lib_a-nano-mallocr.o)
                0x000000000002e1f0                _malloc_r
 .text._sbrk_r  0x000000000002e2ac       0x20 /Users/corentin/opt/gcc-arm-none-eabi-6-2017-q2-update/bin/../lib/gcc/arm-none-eabi/6.3.1/../../../../arm-none-eabi/lib/thumb/v7e-m/fpv4-sp/hard/libg_nano.a(lib_a-sbrkr.o)
                0x000000000002e2ac                _sbrk_r
 .text.sprintf  0x000000000002e2cc       0x48 /Users/corentin/opt/gcc-arm-none-eabi-6-2017-q2-update/bin/../lib/gcc/arm-none-eabi/6.3.1/../../../../arm-none-eabi/lib/thumb/v7e-m/fpv4-sp/hard/libg_nano.a(lib_a-sprintf.o)
                0x000000000002e2cc                sprintf
                0x000000000002e2cc                siprintf
 .text.strcpy   0x000000000002e314       0x10 /Users/corentin/opt/gcc-arm-none-eabi-6-2017-q2-update/bin/../lib/gcc/arm-none-eabi/6.3.1/../../../../arm-none-eabi/lib/thumb/v7e-m/fpv4-sp/hard/libg_nano.a(lib_a-strcpy.o)
                0x000000000002e314                strcpy
 .text.strrchr  0x000000000002e324       0x26 /Users/corentin/opt/gcc-arm-none-eabi-6-2017-q2-update/bin/../lib/gcc/arm-none-eabi/6.3.1/../../../../arm-none-eabi/lib/thumb/v7e-m/fpv4-sp/hard/libg_nano.a(lib_a-strrchr.o)
                0x000000000002e324                strrchr
 .text.__malloc_lock
                0x000000000002e34a        0x2 /Users/corentin/opt/gcc-arm-none-eabi-6-2017-q2-update/bin/../lib/gcc/arm-none-eabi/6.3.1/../../../../arm-none-eabi/lib/thumb/v7e-m/fpv4-sp/hard/libg_nano.a(lib_a-mlock.o)
                0x000000000002e34a                __malloc_lock
 .text.__malloc_unlock
                0x000000000002e34c        0x2 /Users/corentin/opt/gcc-arm-none-eabi-6-2017-q2-update/bin/../lib/gcc/arm-none-eabi/6.3.1/../../../../arm-none-eabi/lib/thumb/v7e-m/fpv4-sp/hard/libg_nano.a(lib_a-mlock.o)
                0x000000000002e34c                __malloc_unlock
 .text.__ssputs_r
                0x000000000002e34e       0xb6 /Users/corentin/opt/gcc-arm-none-eabi-6-2017-q2-update/bin/../lib/gcc/arm-none-eabi/6.3.1/../../../../arm-none-eabi/lib/thumb/v7e-m/fpv4-sp/hard/libg_nano.a(lib_a-nano-svfprintf.o)
                0x000000000002e34e                __ssputs_r
 .text._svfprintf_r
                0x000000000002e404      0x1e8 /Users/corentin/opt/gcc-arm-none-eabi-6-2017-q2-update/bin/../lib/gcc/arm-none-eabi/6.3.1/../../../../arm-none-eabi/lib/thumb/v7e-m/fpv4-sp/hard/libg_nano.a(lib_a-nano-svfprintf.o)
                0x000000000002e404                _svfprintf_r
                0x000000000002e404                _svfiprintf_r
 .text._printf_common
                0x000000000002e5ec       0xec /Users/corentin/opt/gcc-arm-none-eabi-6-2017-q2-update/bin/../lib/gcc/arm-none-eabi/6.3.1/../../../../arm-none-eabi/lib/thumb/v7e-m/fpv4-sp/hard/libg_nano.a(lib_a-nano-vfprintf_i.o)
                0x000000000002e5ec                _printf_common
 .text._printf_i
                0x000000000002e6d8      0x240 /Users/corentin/opt/gcc-arm-none-eabi-6-2017-q2-update/bin/../lib/gcc/arm-none-eabi/6.3.1/../../../../arm-none-eabi/lib/thumb/v7e-m/fpv4-sp/hard/libg_nano.a(lib_a-nano-vfprintf_i.o)
                0x000000000002e6d8                _printf_i
 .text.strchr   0x000000000002e918       0x1c /Users/corentin/opt/gcc-arm-none-eabi-6-2017-q2-update/bin/../lib/gcc/arm-none-eabi/6.3.1/../../../../arm-none-eabi/lib/thumb/v7e-m/fpv4-sp/hard/libg_nano.a(lib_a-strchr.o)
                0x000000000002e918                strchr
 *fill*         0x000000000002e934        0xc 
 .text          0x000000000002e940       0xa0 /Users/corentin/opt/gcc-arm-none-eabi-6-2017-q2-update/bin/../lib/gcc/arm-none-eabi/6.3.1/../../../../arm-none-eabi/lib/thumb/v7e-m/fpv4-sp/hard/libg_nano.a(lib_a-memchr.o)
                0x000000000002e940                memchr
 .text.memmove  0x000000000002e9e0       0x34 /Users/corentin/opt/gcc-arm-none-eabi-6-2017-q2-update/bin/../lib/gcc/arm-none-eabi/6.3.1/../../../../arm-none-eabi/lib/thumb/v7e-m/fpv4-sp/hard/libg_nano.a(lib_a-memmove.o)
                0x000000000002e9e0                memmove
 .text._realloc_r
                0x000000000002ea14       0x4c /Users/corentin/opt/gcc-arm-none-eabi-6-2017-q2-update/bin/../lib/gcc/arm-none-eabi/6.3.1/../../../../arm-none-eabi/lib/thumb/v7e-m/fpv4-sp/hard/libg_nano.a(lib_a-nano-reallocr.o)
                0x000000000002ea14                _realloc_r
 .text._malloc_usable_size_r
                0x000000000002ea60       0x12 /Users/corentin/opt/gcc-arm-none-eabi-6-2017-q2-update/bin/../lib/gcc/arm-none-eabi/6.3.1/../../../../arm-none-eabi/lib/thumb/v7e-m/fpv4-sp/hard/libg_nano.a(lib_a-nano-msizer.o)
                0x000000000002ea60                _malloc_usable_size_r
 *fill*         0x000000000002ea72        0x2 
 .text._sbrk    0x000000000002ea74       0x1c /Users/corentin/opt/gcc-arm-none-eabi-6-2017-q2-update/bin/../lib/gcc/arm-none-eabi/6.3.1/../../../../arm-none-eabi/lib/thumb/v7e-m/fpv4-sp/hard/libnosys.a(sbrk.o)
                0x000000000002ea74                _sbrk
 .text._exit    0x000000000002ea90        0x4 /Users/corentin/opt/gcc-arm-none-eabi-6-2017-q2-update/bin/../lib/gcc/arm-none-eabi/6.3.1/../../../../arm-none-eabi/lib/thumb/v7e-m/fpv4-sp/hard/libnosys.a(_exit.o)
                0x000000000002ea90                _exit
 *(.init)
 .init          0x000000000002ea94        0x4 /Users/corentin/opt/gcc-arm-none-eabi-6-2017-q2-update/bin/../lib/gcc/arm-none-eabi/6.3.1/thumb/v7e-m/fpv4-sp/hard/crti.o
                0x000000000002ea94                _init
 .init          0x000000000002ea98        0x8 /Users/corentin/opt/gcc-arm-none-eabi-6-2017-q2-update/bin/../lib/gcc/arm-none-eabi/6.3.1/thumb/v7e-m/fpv4-sp/hard/crtn.o
 *(.fini)
 .fini          0x000000000002eaa0        0x4 /Users/corentin/opt/gcc-arm-none-eabi-6-2017-q2-update/bin/../lib/gcc/arm-none-eabi/6.3.1/thumb/v7e-m/fpv4-sp/hard/crti.o
                0x000000000002eaa0                _fini
 .fini          0x000000000002eaa4        0x8 /Users/corentin/opt/gcc-arm-none-eabi-6-2017-q2-update/bin/../lib/gcc/arm-none-eabi/6.3.1/thumb/v7e-m/fpv4-sp/hard/crtn.o
 *crtbegin.o(.ctors)
 *crtbegin?.o(.ctors)
 *(EXCLUDE_FILE(*crtend.o *crtend?.o) .ctors)
 *(SORT(.ctors.*))
 *(.ctors)
 *crtbegin.o(.dtors)
 *crtbegin?.o(.dtors)
 *(EXCLUDE_FILE(*crtend.o *crtend?.o) .dtors)
 *(SORT(.dtors.*))
 *(.dtors)
 *(.rodata*)
 .rodata.adv_data.11172
                0x000000000002eaac       0x12 CMakeFiles/beaconing_nrf52840_xxAA_s140_5.0.0-3.alpha.dir/src/main.c.obj
 *fill*         0x000000000002eabe        0x2 
 .rodata.main.str1.4
                0x000000000002eac0       0x46 CMakeFiles/beaconing_nrf52840_xxAA_s140_5.0.0-3.alpha.dir/src/main.c.obj
 *fill*         0x000000000002eb06        0x2 
 .rodata.rx_callback.str1.4
                0x000000000002eb08       0x98 CMakeFiles/beaconing_nrf52840_xxAA_s140_5.0.0-3.alpha.dir/src/main.c.obj
 .rodata        0x000000000002eba0        0x4 CMakeFiles/beaconing_nrf52840_xxAA_s140_5.0.0-3.alpha.dir/__/nrf_mesh_sdk.c.obj
 .rodata.HardFault_Handler.str1.4
                0x000000000002eba4        0xe CMakeFiles/beaconing_nrf52840_xxAA_s140_5.0.0-3.alpha.dir/__/nrf_mesh_sdk.c.obj
 *fill*         0x000000000002ebb2        0x2 
 .rodata.app_error_handler.str1.4
                0x000000000002ebb4       0x1d CMakeFiles/beaconing_nrf52840_xxAA_s140_5.0.0-3.alpha.dir/__/nrf_mesh_sdk.c.obj
 *fill*         0x000000000002ebd1        0x3 
 .rodata.mesh_assert_handler.str1.4
                0x000000000002ebd4       0x5d CMakeFiles/beaconing_nrf52840_xxAA_s140_5.0.0-3.alpha.dir/__/nrf_mesh_sdk.c.obj
 *fill*         0x000000000002ec31        0x3 
 .rodata.mesh_core_setup.str1.4
                0x000000000002ec34       0x4d CMakeFiles/beaconing_nrf52840_xxAA_s140_5.0.0-3.alpha.dir/__/nrf_mesh_sdk.c.obj
 *fill*         0x000000000002ec81        0x3 
 .rodata.mesh_softdevice_enable.str1.4
                0x000000000002ec84       0x65 CMakeFiles/beaconing_nrf52840_xxAA_s140_5.0.0-3.alpha.dir/__/nrf_mesh_sdk.c.obj
 *fill*         0x000000000002ece9        0x3 
 .rodata.softdevice_assert_handler.str1.4
                0x000000000002ecec       0x1d CMakeFiles/beaconing_nrf52840_xxAA_s140_5.0.0-3.alpha.dir/__/nrf_mesh_sdk.c.obj
 *fill*         0x000000000002ed09        0x3 
 .rodata.types_lookup.9118
                0x000000000002ed0c        0x4 ../../mesh/core/libmesh_core_nrf52840_xxAA.a(nrf_mesh_utils.c.obj)
 .rodata.nrf_mesh_process.str1.4
                0x000000000002ed10       0x9b ../../mesh/core/libmesh_core_nrf52840_xxAA.a(nrf_mesh.c.obj)
 *fill*         0x000000000002edab        0x1 
 .rodata.network_pkt_decrypt.str1.4
                0x000000000002edac       0x87 ../../mesh/core/libmesh_core_nrf52840_xxAA.a(network.c.obj)
                                         0x90 (size before relaxing)
 *fill*         0x000000000002ee33        0x1 
 .rodata.packet_relay.str1.4
                0x000000000002ee34       0x2d ../../mesh/core/libmesh_core_nrf52840_xxAA.a(network.c.obj)
 *fill*         0x000000000002ee61        0x3 
 .rodata.log_callback_rtt.str1.4
                0x000000000002ee64       0x15 ../../mesh/core/libmesh_core_nrf52840_xxAA.a(log.c.obj)
 *fill*         0x000000000002ee79        0x3 
 .rodata.str1.4
                0x000000000002ee7c       0x11 ../../mesh/core/libmesh_core_nrf52840_xxAA.a(log.c.obj)
 *fill*         0x000000000002ee8d        0x3 
 .rodata.INVALID_HEADER
                0x000000000002ee90        0x4 ../../mesh/core/libmesh_core_nrf52840_xxAA.a(flash_manager.c.obj)
                0x000000000002ee90                INVALID_HEADER
 .rodata.PADDING_HEADER
                0x000000000002ee94        0x4 ../../mesh/core/libmesh_core_nrf52840_xxAA.a(flash_manager.c.obj)
                0x000000000002ee94                PADDING_HEADER
 .rodata.SEAL_HEADER
                0x000000000002ee98        0x4 ../../mesh/core/libmesh_core_nrf52840_xxAA.a(flash_manager.c.obj)
                0x000000000002ee98                SEAL_HEADER
 .rodata.execute_action.str1.4
                0x000000000002ee9c       0x48 ../../mesh/core/libmesh_core_nrf52840_xxAA.a(flash_manager.c.obj)
                                         0x76 (size before relaxing)
 .rodata.beacon_packet_in.str1.4
                0x000000000002eee4       0x7d ../../mesh/core/libmesh_core_nrf52840_xxAA.a(beacon.c.obj)
                                         0x88 (size before relaxing)
 *fill*         0x000000000002ef61        0x3 
 .rodata.net_beacon_init.str1.4
                0x000000000002ef64        0x5 ../../mesh/core/libmesh_core_nrf52840_xxAA.a(net_beacon.c.obj)
 *fill*         0x000000000002ef69        0x3 
 .rodata.m_ble_adv_channels
                0x000000000002ef6c        0x3 ../../mesh/core/libmesh_core_nrf52840_xxAA.a(advertiser.c.obj)
 *fill*         0x000000000002ef6f        0x1 
 .rodata.radio_mode_to_us_per_byte.9494
                0x000000000002ef70        0x6 ../../mesh/core/libmesh_core_nrf52840_xxAA.a(broadcast.c.obj)
 *fill*         0x000000000002ef76        0x2 
 .rodata.channel_rf_offsets.8756
                0x000000000002ef78       0x28 ../../mesh/core/libmesh_core_nrf52840_xxAA.a(radio_config.c.obj)
 .rodata        0x000000000002efa0        0x3 ../../mesh/core/libmesh_core_nrf52840_xxAA.a(scanner.c.obj)
 *fill*         0x000000000002efa3        0x1 
 .rodata.sar_ack_send.str1.4
                0x000000000002efa4       0x44 ../../mesh/core/libmesh_core_nrf52840_xxAA.a(transport.c.obj)
                                         0x72 (size before relaxing)
 .rodata.sar_ctx_cancel.str1.4
                0x000000000002efe8       0x18 ../../mesh/core/libmesh_core_nrf52840_xxAA.a(transport.c.obj)
 .rodata.sar_rx_ctx_create.str1.4
                0x000000000002f000       0x14 ../../mesh/core/libmesh_core_nrf52840_xxAA.a(transport.c.obj)
 .rodata.segack_packet_in.str1.4
                0x000000000002f014       0x2e ../../mesh/core/libmesh_core_nrf52840_xxAA.a(transport.c.obj)
 *fill*         0x000000000002f042        0x2 
 .rodata.test_transport_decrypt.str1.4
                0x000000000002f044       0x13 ../../mesh/core/libmesh_core_nrf52840_xxAA.a(transport.c.obj)
 *fill*         0x000000000002f057        0x1 
 .rodata.trs_sar_seg_packet_in.str1.4
                0x000000000002f058       0x10 ../../mesh/core/libmesh_core_nrf52840_xxAA.a(transport.c.obj)
 .rodata.upper_transport_access_packet_in.str1.4
                0x000000000002f068       0x29 ../../mesh/core/libmesh_core_nrf52840_xxAA.a(transport.c.obj)
 *fill*         0x000000000002f091        0x3 
 .rodata.flash_manager_defrag.str1.4